Component: ARM Compiler 5.06 update 7 (build 960) Tool: armlink [4d3601]

==============================================================================

Section Cross References

    startup_stm32f10x_md.o(STACK) refers (Special) to heapauxi.o(.text) for __use_two_region_memory
    startup_stm32f10x_md.o(HEAP) refers (Special) to heapauxi.o(.text) for __use_two_region_memory
    startup_stm32f10x_md.o(RESET) refers (Special) to heapauxi.o(.text) for __use_two_region_memory
    startup_stm32f10x_md.o(RESET) refers to startup_stm32f10x_md.o(STACK) for __initial_sp
    startup_stm32f10x_md.o(RESET) refers to startup_stm32f10x_md.o(.text) for Reset_Handler
    startup_stm32f10x_md.o(RESET) refers to stm32f10x_it.o(i.NMI_Handler) for NMI_Handler
    startup_stm32f10x_md.o(RESET) refers to stm32f10x_it.o(i.HardFault_Handler) for HardFault_Handler
    startup_stm32f10x_md.o(RESET) refers to stm32f10x_it.o(i.MemManage_Handler) for MemManage_Handler
    startup_stm32f10x_md.o(RESET) refers to stm32f10x_it.o(i.BusFault_Handler) for BusFault_Handler
    startup_stm32f10x_md.o(RESET) refers to stm32f10x_it.o(i.UsageFault_Handler) for UsageFault_Handler
    startup_stm32f10x_md.o(RESET) refers to stm32f10x_it.o(i.SVC_Handler) for SVC_Handler
    startup_stm32f10x_md.o(RESET) refers to stm32f10x_it.o(i.DebugMon_Handler) for DebugMon_Handler
    startup_stm32f10x_md.o(RESET) refers to stm32f10x_it.o(i.PendSV_Handler) for PendSV_Handler
    startup_stm32f10x_md.o(RESET) refers to stm32f10x_it.o(i.SysTick_Handler) for SysTick_Handler
    startup_stm32f10x_md.o(RESET) refers to porttimer.o(i.TIM2_IRQHandler) for TIM2_IRQHandler
    startup_stm32f10x_md.o(RESET) refers to portserial.o(i.USART1_IRQHandler) for USART1_IRQHandler
    startup_stm32f10x_md.o(.text) refers (Special) to heapauxi.o(.text) for __use_two_region_memory
    startup_stm32f10x_md.o(.text) refers to system_stm32f10x.o(i.SystemInit) for SystemInit
    startup_stm32f10x_md.o(.text) refers to __main.o(!!!main) for __main
    startup_stm32f10x_md.o(.text) refers to startup_stm32f10x_md.o(HEAP) for Heap_Mem
    startup_stm32f10x_md.o(.text) refers to startup_stm32f10x_md.o(STACK) for Stack_Mem
    system_stm32f10x.o(i.SetSysClock) refers to system_stm32f10x.o(i.SetSysClockTo72) for SetSysClockTo72
    system_stm32f10x.o(i.SystemCoreClockUpdate) refers to system_stm32f10x.o(.data) for SystemCoreClock
    system_stm32f10x.o(i.SystemInit) refers to system_stm32f10x.o(i.SetSysClock) for SetSysClock
    stm32f10x_adc.o(i.ADC_DeInit) refers to stm32f10x_rcc.o(i.RCC_APB2PeriphResetCmd) for RCC_APB2PeriphResetCmd
    stm32f10x_bkp.o(i.BKP_DeInit) refers to stm32f10x_rcc.o(i.RCC_BackupResetCmd) for RCC_BackupResetCmd
    stm32f10x_can.o(i.CAN_DeInit) refers to stm32f10x_rcc.o(i.RCC_APB1PeriphResetCmd) for RCC_APB1PeriphResetCmd
    stm32f10x_can.o(i.CAN_GetITStatus) refers to stm32f10x_can.o(i.CheckITStatus) for CheckITStatus
    stm32f10x_cec.o(i.CEC_DeInit) refers to stm32f10x_rcc.o(i.RCC_APB1PeriphResetCmd) for RCC_APB1PeriphResetCmd
    stm32f10x_dac.o(i.DAC_DeInit) refers to stm32f10x_rcc.o(i.RCC_APB1PeriphResetCmd) for RCC_APB1PeriphResetCmd
    stm32f10x_flash.o(i.FLASH_EnableWriteProtection) refers to stm32f10x_flash.o(i.FLASH_WaitForLastOperation) for FLASH_WaitForLastOperation
    stm32f10x_flash.o(i.FLASH_EraseAllBank1Pages) refers to stm32f10x_flash.o(i.FLASH_WaitForLastBank1Operation) for FLASH_WaitForLastBank1Operation
    stm32f10x_flash.o(i.FLASH_EraseAllPages) refers to stm32f10x_flash.o(i.FLASH_WaitForLastOperation) for FLASH_WaitForLastOperation
    stm32f10x_flash.o(i.FLASH_EraseOptionBytes) refers to stm32f10x_flash.o(i.FLASH_GetReadOutProtectionStatus) for FLASH_GetReadOutProtectionStatus
    stm32f10x_flash.o(i.FLASH_EraseOptionBytes) refers to stm32f10x_flash.o(i.FLASH_WaitForLastOperation) for FLASH_WaitForLastOperation
    stm32f10x_flash.o(i.FLASH_ErasePage) refers to stm32f10x_flash.o(i.FLASH_WaitForLastOperation) for FLASH_WaitForLastOperation
    stm32f10x_flash.o(i.FLASH_ProgramHalfWord) refers to stm32f10x_flash.o(i.FLASH_WaitForLastOperation) for FLASH_WaitForLastOperation
    stm32f10x_flash.o(i.FLASH_ProgramOptionByteData) refers to stm32f10x_flash.o(i.FLASH_WaitForLastOperation) for FLASH_WaitForLastOperation
    stm32f10x_flash.o(i.FLASH_ProgramWord) refers to stm32f10x_flash.o(i.FLASH_WaitForLastOperation) for FLASH_WaitForLastOperation
    stm32f10x_flash.o(i.FLASH_ReadOutProtection) refers to stm32f10x_flash.o(i.FLASH_WaitForLastOperation) for FLASH_WaitForLastOperation
    stm32f10x_flash.o(i.FLASH_UserOptionByteConfig) refers to stm32f10x_flash.o(i.FLASH_WaitForLastOperation) for FLASH_WaitForLastOperation
    stm32f10x_flash.o(i.FLASH_WaitForLastBank1Operation) refers to stm32f10x_flash.o(i.FLASH_GetBank1Status) for FLASH_GetBank1Status
    stm32f10x_flash.o(i.FLASH_WaitForLastOperation) refers to stm32f10x_flash.o(i.FLASH_GetBank1Status) for FLASH_GetBank1Status
[...]
    Removing stm32f10x_tim.o(i.TIM_OC4PreloadConfig), (26 bytes).
    Removing stm32f10x_tim.o(i.TIM_OCStructInit), (20 bytes).
    Removing stm32f10x_tim.o(i.TIM_PWMIConfig), (124 bytes).
    Removing stm32f10x_tim.o(i.TIM_PrescalerConfig), (6 bytes).
    Removing stm32f10x_tim.o(i.TIM_SelectCCDMA), (24 bytes).
    Removing stm32f10x_tim.o(i.TIM_SelectCOM), (24 bytes).
    Removing stm32f10x_tim.o(i.TIM_SelectHallSensor), (24 bytes).
    Removing stm32f10x_tim.o(i.TIM_SelectInputTrigger), (18 bytes).
    Removing stm32f10x_tim.o(i.TIM_SelectMasterSlaveMode), (18 bytes).
    Removing stm32f10x_tim.o(i.TIM_SelectOCxM), (82 bytes).
    Removing stm32f10x_tim.o(i.TIM_SelectOnePulseMode), (18 bytes).
    Removing stm32f10x_tim.o(i.TIM_SelectOutputTrigger), (18 bytes).
    Removing stm32f10x_tim.o(i.TIM_SelectSlaveMode), (18 bytes).
    Removing stm32f10x_tim.o(i.TIM_SetAutoreload), (4 bytes).
    Removing stm32f10x_tim.o(i.TIM_SetClockDivision), (18 bytes).
    Removing stm32f10x_tim.o(i.TIM_SetCompare1), (4 bytes).
    Removing stm32f10x_tim.o(i.TIM_SetCompare2), (4 bytes).
    Removing stm32f10x_tim.o(i.TIM_SetCompare3), (4 bytes).
    Removing stm32f10x_tim.o(i.TIM_SetCompare4), (6 bytes).
    Removing stm32f10x_tim.o(i.TIM_SetIC1Prescaler), (18 bytes).
    Removing stm32f10x_tim.o(i.TIM_SetIC2Prescaler), (26 bytes).
    Removing stm32f10x_tim.o(i.TIM_SetIC3Prescaler), (18 bytes).
    Removing stm32f10x_tim.o(i.TIM_SetIC4Prescaler), (26 bytes).
    Removing stm32f10x_tim.o(i.TIM_TIxExternalClockConfig), (62 bytes).
    Removing stm32f10x_tim.o(i.TIM_TimeBaseStructInit), (18 bytes).
    Removing stm32f10x_tim.o(i.TIM_UpdateDisableConfig), (24 bytes).
    Removing stm32f10x_tim.o(i.TIM_UpdateRequestConfig), (24 bytes).
    Removing stm32f10x_usart.o(i.USART_ClearFlag), (18 bytes).
    Removing stm32f10x_usart.o(i.USART_ClockInit), (34 bytes).
    Removing stm32f10x_usart.o(i.USART_ClockStructInit), (12 bytes).
    Removing stm32f10x_usart.o(i.USART_DMACmd), (18 bytes).
    Removing stm32f10x_usart.o(i.USART_DeInit), (156 bytes).
    Removing stm32f10x_usart.o(i.USART_GetFlagStatus), (26 bytes).
    Removing stm32f10x_usart.o(i.USART_HalfDuplexCmd), (24 bytes).
    Removing stm32f10x_usart.o(i.USART_IrDACmd), (24 bytes).
    Removing stm32f10x_usart.o(i.USART_IrDAConfig), (18 bytes).
    Removing stm32f10x_usart.o(i.USART_LINBreakDetectLengthConfig), (18 bytes).
    Removing stm32f10x_usart.o(i.USART_LINCmd), (24 bytes).
    Removing stm32f10x_usart.o(i.USART_OneBitMethodCmd), (24 bytes).
    Removing stm32f10x_usart.o(i.USART_OverSampling8Cmd), (22 bytes).
    Removing stm32f10x_usart.o(i.USART_ReceiverWakeUpCmd), (24 bytes).
    Removing stm32f10x_usart.o(i.USART_SendBreak), (10 bytes).
    Removing stm32f10x_usart.o(i.USART_SetAddress), (18 bytes).
    Removing stm32f10x_usart.o(i.USART_SetGuardTime), (16 bytes).
    Removing stm32f10x_usart.o(i.USART_SetPrescaler), (16 bytes).
    Removing stm32f10x_usart.o(i.USART_SmartCardCmd), (24 bytes).
    Removing stm32f10x_usart.o(i.USART_SmartCardNACKCmd), (24 bytes).
    Removing stm32f10x_usart.o(i.USART_StructInit), (24 bytes).
    Removing stm32f10x_usart.o(i.USART_WakeUpConfig), (18 bytes).
    Removing stm32f10x_wwdg.o(i.WWDG_ClearFlag), (12 bytes).
    Removing stm32f10x_wwdg.o(i.WWDG_DeInit), (22 bytes).
    Removing stm32f10x_wwdg.o(i.WWDG_Enable), (16 bytes).
    Removing stm32f10x_wwdg.o(i.WWDG_EnableIT), (12 bytes).
    Removing stm32f10x_wwdg.o(i.WWDG_GetFlagStatus), (12 bytes).
    Removing stm32f10x_wwdg.o(i.WWDG_SetCounter), (16 bytes).
    Removing stm32f10x_wwdg.o(i.WWDG_SetPrescaler), (24 bytes).
    Removing stm32f10x_wwdg.o(i.WWDG_SetWindowValue), (40 bytes).
    Removing bsp_usart.o(i.Usart_SendArray), (48 bytes).
    Removing bsp_usart.o(i.Usart_SendByte), (30 bytes).
    Removing bsp_usart.o(i.Usart_SendHalfWord), (60 bytes).
    Removing bsp_usart.o(i.Usart_SendStr), (40 bytes).
    Removing bsp_usart.o(i.fgetc), (32 bytes).
    Removing bsp_usart.o(i.fputc), (36 bytes).
    Removing bsp_key.o(i.Set_MB_CH_Addr), (196 bytes).
    Removing bsp_adc.o(i.ADCx_GPIO_Config), (36 bytes).
    Removing bsp_adc.o(i.ADCx_Init), (12 bytes).
    Removing bsp_adc.o(i.ADCx_Mode_Config), (252 bytes).
    Removing bsp_adc.o(.data), (4 bytes).
    Removing add.o(i.add_), (28 bytes).
    Removing delay.o(i.delay_ms), (20 bytes).
    Removing delay.o(i.delay_us), (158 bytes).
    Removing bsp_led.o(i.LED_GPIO_Config), (76 bytes).
    Removing bsp_tft.o(i.Lcd_Init), (464 bytes).
    Removing bsp_tft.o(i.Lcd_Reset), (36 bytes).
    Removing bsp_tft.o(i.TFT_Display_All), (48 bytes).
    Removing bsp_tft.o(i.TFT_Draw), (150 bytes).
    Removing bsp_tft.o(i.TFT_Draw_16_16), (142 bytes).
    Removing bsp_tft.o(i.TFT_Draw_8_16), (100 bytes).
    Removing bsp_tft.o(i.TFT_Draw_Dot), (32 bytes).
    Removing bsp_tft.o(i.TFT_GPIO_Init_Config), (44 bytes).
    Removing bsp_tft.o(i.TFT_SET_FULL), (16 bytes).
    Removing bsp_tft.o(i.TFT_SET_Image), (94 bytes).
    Removing bsp_tft.o(i.TFT_SET_START_END), (58 bytes).
    Removing bsp_tft.o(i.TFT_SPI_Init_Config), (184 bytes).
    Removing bsp_tft.o(i.TFT_SPI_SendByte), (76 bytes).
    Removing bsp_tft.o(i.TFT_Send_Byte), (52 bytes).
    Removing bsp_tft.o(i.TFT_Send_Cmd), (52 bytes).
    Removing bsp_tft.o(i.TFT_Send_HalfWord), (64 bytes).
    Removing bap_spi.o(i.SPI_Init_Config), (204 bytes).
    Removing bap_spi.o(i.SPI_ReadByte), (14 bytes).
    Removing bap_spi.o(i.SPI_SendByte), (108 bytes).
    Removing mbfuncother.o(i.eMBSetSlaveID), (120 bytes).
    Removing mb.o(i.eMBClose), (40 bytes).
    Removing mb.o(i.eMBDisable), (52 bytes).
    Removing mb.o(i.eMBRegisterCB), (128 bytes).

491 unused section(s) (total 20764 bytes) removed from the image.

==============================================================================

Image Symbol Table

    Local Symbols

    Symbol Name                              Value     Ov Type        Size  Object(Section)

    ../clib/angel/boardlib.s                 0x00000000   Number         0  boardshut.o ABSOLUTE
    ../clib/angel/boardlib.s                 0x00000000   Number         0  boardinit2.o ABSOLUTE
    ../clib/angel/boardlib.s                 0x00000000   Number         0  boardinit1.o ABSOLUTE
    ../clib/angel/boardlib.s                 0x00000000   Number         0  boardinit3.o ABSOLUTE
    ../clib/angel/handlers.s                 0x00000000   Number         0  __scatter_copy.o ABSOLUTE
    ../clib/angel/handlers.s                 0x00000000   Number         0  __scatter_zi.o ABSOLUTE
    ../clib/angel/kernel.s                   0x00000000   Number         0  __rtentry2.o ABSOLUTE
    ../clib/angel/kernel.s                   0x00000000   Number         0  __rtentry.o ABSOLUTE
    ../clib/angel/kernel.s                   0x00000000   Number         0  rtexit2.o ABSOLUTE
    ../clib/angel/kernel.s                   0x00000000   Number         0  rtexit.o ABSOLUTE
    ../clib/angel/kernel.s                   0x00000000   Number         0  __rtentry4.o ABSOLUTE
    ../clib/angel/rt.s                       0x00000000   Number         0  rt_errno_addr.o ABSOLUTE
    ../clib/angel/rt.s                       0x00000000   Number         0  rt_heap_descriptor.o ABSOLUTE
    ../clib/angel/rt.s                       0x00000000   Number         0  rt_heap_descriptor_intlibspace.o ABSOLUTE
    ../clib/angel/rt.s                       0x00000000   Number         0  rt_errno_addr_intlibspace.o ABSOLUTE
    ../clib/angel/rt.s                       0x00000000   Number         0  rt_raise.o ABSOLUTE
    ../clib/angel/scatter.s                  0x00000000   Number         0  __scatter.o ABSOLUTE
    ../clib/angel/startup.s                  0x00000000   Number         0  __main.o ABSOLUTE
    ../clib/angel/sys.s                      0x00000000   Number         0  mutex_dummy.o ABSOLUTE
    ../clib/angel/sys.s                      0x00000000   Number         0  use_no_semi.o ABSOLUTE
    ../clib/angel/sys.s                      0x00000000   Number         0  sys_stackheap_outer.o ABSOLUTE
    ../clib/angel/sys.s                      0x00000000   Number         0  libspace.o ABSOLUTE
    ../clib/angel/sys.s                      0x00000000   Number         0  indicate_semi.o ABSOLUTE
    ../clib/angel/sysapp.c                   0x00000000   Number         0  sys_io.o ABSOLUTE
    ../clib/angel/sysapp.c                   0x00000000   Number         0  sys_wrch.o ABSOLUTE
    ../clib/angel/sysapp.c                   0x00000000   Number         0  sys_exit.o ABSOLUTE
    ../clib/angel/sysapp.c                   0x00000000   Number         0  sys_command.o ABSOLUTE
    ../clib/armsys.c                         0x00000000   Number         0  argv_veneer.o ABSOLUTE
    ../clib/armsys.c                         0x00000000   Number         0  _get_argv.o ABSOLUTE
    ../clib/armsys.c                         0x00000000   Number         0  _get_argv_nomalloc.o ABSOLUTE
    ../clib/armsys.c                         0x00000000   Number         0  no_argv.o ABSOLUTE
    ../clib/armsys.c                         0x00000000   Number         0  argv_veneer.o ABSOLUTE
    ../clib/assert.c                         0x00000000   Number         0  assert_puts.o ABSOLUTE
    ../clib/assert.c                         0x00000000   Number         0  assert.o ABSOLUTE
    ../clib/heap1.c                          0x00000000   Number         0  h1_alloc.o ABSOLUTE
    ../clib/heap1.c                          0x00000000   Number         0  h1_alloc_mt.o ABSOLUTE
    ../clib/heap1.c                          0x00000000   Number         0  h1_final.o ABSOLUTE
    ../clib/heap1.c                          0x00000000   Number         0  h1_final_mt.o ABSOLUTE
    ../clib/heap1.c                          0x00000000   Number         0  h1_init_mt.o ABSOLUTE
    ../clib/heap1.c                          0x00000000   Number         0  h1_init.o ABSOLUTE
    ../clib/heap1.c                          0x00000000   Number         0  h1_extend.o ABSOLUTE
    ../clib/heap1.c                          0x00000000   Number         0  h1_extend_mt.o ABSOLUTE
    ../clib/heap1.c                          0x00000000   Number         0  h1_free.o ABSOLUTE
    ../clib/heap1.c                          0x00000000   Number         0  h1_free_mt.o ABSOLUTE
    ../clib/heap2.c                          0x00000000   Number         0  heap2mt.o ABSOLUTE
    ../clib/heap2.c                          0x00000000   Number         0  heap2.o ABSOLUTE
    ../clib/heap2.c                          0x00000000   Number         0  fdtree.o ABSOLUTE
    ../clib/heapalloc.c                      0x00000000   Number         0  maybetermalloc1.o ABSOLUTE
    ../clib/heapalloc.c                      0x00000000   Number         0  maybetermalloc1.o ABSOLUTE
    ../clib/heapalloc.c                      0x00000000   Number         0  maybetermalloc2.o ABSOLUTE
    ../clib/heapalloc.c                      0x00000000   Number         0  hguard.o ABSOLUTE
    ../clib/heapalloc.c                      0x00000000   Number         0  maybetermalloc2.o ABSOLUTE
    ../clib/heapalloc.c                      0x00000000   Number         0  heapstubs.o ABSOLUTE
    ../clib/heapalloc.c                      0x00000000   Number         0  malloc.o ABSOLUTE
    ../clib/heapalloc.c                      0x00000000   Number         0  term_alloc.o ABSOLUTE
    ../clib/heapalloc.c                      0x00000000   Number         0  hrguard.o ABSOLUTE
    ../clib/heapalloc.c                      0x00000000   Number         0  init_alloc.o ABSOLUTE
    ../clib/heapalloc.c                      0x00000000   Number         0  free.o ABSOLUTE
    ../clib/heapaux.c                        0x00000000   Number         0  heapauxi.o ABSOLUTE
    ../clib/heapaux.c                        0x00000000   Number         0  heapauxa.o ABSOLUTE
    ../clib/libinit.s                        0x00000000   Number         0  libshutdown2.o ABSOLUTE
    ../clib/libinit.s                        0x00000000   Number         0  libinit2.o ABSOLUTE
    ../clib/libinit.s                        0x00000000   Number         0  libinit.o ABSOLUTE
    ../clib/libinit.s                        0x00000000   Number         0  libshutdown.o ABSOLUTE
    ../clib/memcpset.s                       0x00000000   Number         0  rt_memcpy_w.o ABSOLUTE
    ../clib/memcpset.s                       0x00000000   Number         0  rt_memclr_w.o ABSOLUTE
    ../clib/memcpset.s                       0x00000000   Number         0  rt_memcpy_v6.o ABSOLUTE
    ../clib/printf.c                         0x00000000   Number         0  __2printf.o ABSOLUTE
    ../clib/printf.c                         0x00000000   Number         0  _printf_char_file.o ABSOLUTE
    ../clib/printf.c                         0x00000000   Number         0  __printf_nopercent.o ABSOLUTE
    ../clib/printf.c                         0x00000000   Number         0  _printf_char_common.o ABSOLUTE
    ../clib/printf.c                         0x00000000   Number         0  noretval__2printf.o ABSOLUTE
    ../clib/signal.c                         0x00000000   Number         0  defsig_cppl_inner.o ABSOLUTE
    ../clib/signal.c                         0x00000000   Number         0  defsig_pvfn_inner.o ABSOLUTE
    ../clib/signal.c                         0x00000000   Number         0  defsig_stak_inner.o ABSOLUTE
    ../clib/signal.c                         0x00000000   Number         0  defsig_rtmem_inner.o ABSOLUTE
    ../clib/signal.c                         0x00000000   Number         0  defsig_fpe_inner.o ABSOLUTE
    ../clib/signal.c                         0x00000000   Number         0  defsig_rtmem_formal.o ABSOLUTE
    ../clib/signal.c                         0x00000000   Number         0  defsig_rtmem_outer.o ABSOLUTE
    ../clib/signal.c                         0x00000000   Number         0  defsig_rtred_inner.o ABSOLUTE
    ../clib/signal.c                         0x00000000   Number         0  defsig_general.o ABSOLUTE
    ../clib/signal.c                         0x00000000   Number         0  __raise.o ABSOLUTE
    ../clib/signal.c                         0x00000000   Number         0  defsig_rtred_formal.o ABSOLUTE
    ../clib/signal.c                         0x00000000   Number         0  defsig_rtred_outer.o ABSOLUTE
    ../clib/signal.c                         0x00000000   Number         0  defsig_abrt_inner.o ABSOLUTE
    ../clib/signal.c                         0x00000000   Number         0  defsig_exit.o ABSOLUTE
    ../clib/signal.c                         0x00000000   Number         0  defsig_abrt_formal.o ABSOLUTE
    ../clib/signal.c                         0x00000000   Number         0  defsig_other.o ABSOLUTE
    ../clib/signal.c                         0x00000000   Number         0  defsig_segv_inner.o ABSOLUTE
    ../clib/signal.c                         0x00000000   Number         0  defsig_abrt_outer.o ABSOLUTE
    ../clib/signal.s                         0x00000000   Number         0  defsig.o ABSOLUTE
    ../clib/stdio.c                          0x00000000   Number         0  streamlock.o ABSOLUTE
    ../clib/stdio.c                          0x00000000   Number         0  ftell.o ABSOLUTE
    ../clib/stdio.c                          0x00000000   Number         0  initio_locked.o ABSOLUTE
    ../clib/stdio.c                          0x00000000   Number         0  ferror_locked.o ABSOLUTE
    ../clib/stdio.c                          0x00000000   Number         0  initio.o ABSOLUTE
    ../clib/stdio.c                          0x00000000   Number         0  ferror.o ABSOLUTE
    ../clib/stdio.c                          0x00000000   Number         0  setvbuf.o ABSOLUTE
    ../clib/stdio.c                          0x00000000   Number         0  fopen.o ABSOLUTE
    ../clib/stdio.c                          0x00000000   Number         0  stdio.o ABSOLUTE
    ../clib/stdio.c                          0x00000000   Number         0  fseek.o ABSOLUTE
    ../clib/stdio.c                          0x00000000   Number         0  stdio_streams.o ABSOLUTE
    ../clib/stdio.c                          0x00000000   Number         0  fclose.o ABSOLUTE
    ../clib/stdio.c                          0x00000000   Number         0  setvbuf_locked.o ABSOLUTE
    ../clib/stdio.c                          0x00000000   Number         0  fopen_locked.o ABSOLUTE
    ../clib/stdlib.c                         0x00000000   Number         0  abort.o ABSOLUTE
    ../clib/stdlib.c                         0x00000000   Number         0  exit.o ABSOLUTE
    ../clib/string.c                         0x00000000   Number         0  strlen.o ABSOLUTE
    ../fplib/fpinit.s                        0x00000000   Number         0  fpinit.o ABSOLUTE
    ..\APP\main.c                            0x00000000   Number         0  main.o ABSOLUTE
    ..\APP\stm32f10x_it.c                    0x00000000   Number         0  stm32f10x_it.o ABSOLUTE
    ..\BSP\Init\bsp_Init.c                   0x00000000   Number         0  bsp_init.o ABSOLUTE
    ..\BSP\Key\bsp_key.c                     0x00000000   Number         0  bsp_key.o ABSOLUTE
    ..\BSP\adc\bsp_adc.c                     0x00000000   Number         0  bsp_adc.o ABSOLUTE
    ..\BSP\add\add.c                         0x00000000   Number         0  add.o ABSOLUTE
    ..\BSP\bsp_timer2.c                      0x00000000   Number         0  bsp_timer2.o ABSOLUTE
    ..\BSP\bsp_usart.c                       0x00000000   Number         0  bsp_usart.o ABSOLUTE
    ..\BSP\delay\delay.c                     0x00000000   Number         0  delay.o ABSOLUTE
    ..\BSP\led\bsp_led.c                     0x00000000   Number         0  bsp_led.o ABSOLUTE
    ..\BSP\port\portevent.c                  0x00000000   Number         0  portevent.o ABSOLUTE
    ..\BSP\port\portserial.c                 0x00000000   Number         0  portserial.o ABSOLUTE
    ..\BSP\port\porttimer.c                  0x00000000   Number         0  porttimer.o ABSOLUTE
    ..\BSP\spi\bap_spi.c                     0x00000000   Number         0  bap_spi.o ABSOLUTE
    ..\BSP\tft\bsp_tft.c                     0x00000000   Number         0  bsp_tft.o ABSOLUTE
    ..\Libraries\CMSIS\core_cm3.c            0x00000000   Number         0  core_cm3.o ABSOLUTE
    ..\Libraries\CMSIS\startup\startup_stm32f10x_md.s 0x00000000   Number         0  startup_stm32f10x_md.o ABSOLUTE
    ..\Libraries\CMSIS\system_stm32f10x.c    0x00000000   Number         0  system_stm32f10x.o ABSOLUTE
    ..\Libraries\FWlib\src\misc.c            0x00000000   Number         0  misc.o ABSOLUTE
    ..\Libraries\FWlib\src\stm32f10x_adc.c   0x00000000   Number         0  stm32f10x_adc.o ABSOLUTE
    ..\Libraries\FWlib\src\stm32f10x_bkp.c   0x00000000   Number         0  stm32f10x_bkp.o ABSOLUTE
    ..\Libraries\FWlib\src\stm32f10x_can.c   0x00000000   Number         0  stm32f10x_can.o ABSOLUTE
    ..\Libraries\FWlib\src\stm32f10x_cec.c   0x00000000   Number         0  stm32f10x_cec.o ABSOLUTE
    ..\Libraries\FWlib\src\stm32f10x_crc.c   0x00000000   Number         0  stm32f10x_crc.o ABSOLUTE
    ..\Libraries\FWlib\src\stm32f10x_dac.c   0x00000000   Number         0  stm32f10x_dac.o ABSOLUTE
    ..\Libraries\FWlib\src\stm32f10x_dbgmcu.c 0x00000000   Number         0  stm32f10x_dbgmcu.o ABSOLUTE
    ..\Libraries\FWlib\src\stm32f10x_dma.c   0x00000000   Number         0  stm32f10x_dma.o ABSOLUTE
    ..\Libraries\FWlib\src\stm32f10x_exti.c  0x00000000   Number         0  stm32f10x_exti.o ABSOLUTE
    ..\Libraries\FWlib\src\stm32f10x_flash.c 0x00000000   Number         0  stm32f10x_flash.o ABSOLUTE
    ..\Libraries\FWlib\src\stm32f10x_fsmc.c  0x00000000   Number         0  stm32f10x_fsmc.o ABSOLUTE
    ..\Libraries\FWlib\src\stm32f10x_gpio.c  0x00000000   Number         0  stm32f10x_gpio.o ABSOLUTE
    ..\Libraries\FWlib\src\stm32f10x_i2c.c   0x00000000   Number         0  stm32f10x_i2c.o ABSOLUTE
    ..\Libraries\FWlib\src\stm32f10x_iwdg.c  0x00000000   Number         0  stm32f10x_iwdg.o ABSOLUTE
    ..\Libraries\FWlib\src\stm32f10x_pwr.c   0x00000000   Number         0  stm32f10x_pwr.o ABSOLUTE
    ..\Libraries\FWlib\src\stm32f10x_rcc.c   0x00000000   Number         0  stm32f10x_rcc.o ABSOLUTE
    ..\Libraries\FWlib\src\stm32f10x_rtc.c   0x00000000   Number         0  stm32f10x_rtc.o ABSOLUTE
    ..\Libraries\FWlib\src\stm32f10x_sdio.c  0x00000000   Number         0  stm32f10x_sdio.o ABSOLUTE
    ..\Libraries\FWlib\src\stm32f10x_spi.c   0x00000000   Number         0  stm32f10x_spi.o ABSOLUTE
    ..\Libraries\FWlib\src\stm32f10x_tim.c   0x00000000   Number         0  stm32f10x_tim.o ABSOLUTE
    ..\Libraries\FWlib\src\stm32f10x_usart.c 0x00000000   Number         0  stm32f10x_usart.o ABSOLUTE
    ..\Libraries\FWlib\src\stm32f10x_wwdg.c  0x00000000   Number         0  stm32f10x_wwdg.o ABSOLUTE
    ..\Package\modbus\ascii\mbascii.c        0x00000000   Number         0  mbascii.o ABSOLUTE
    ..\Package\modbus\functions\mbfunccoils.c 0x00000000   Number         0  mbfunccoils.o ABSOLUTE
    ..\Package\modbus\functions\mbfuncdiag.c 0x00000000   Number         0  mbfuncdiag.o ABSOLUTE
    ..\Package\modbus\functions\mbfuncdisc.c 0x00000000   Number         0  mbfuncdisc.o ABSOLUTE
    ..\Package\modbus\functions\mbfuncholding.c 0x00000000   Number         0  mbfuncholding.o ABSOLUTE
    ..\Package\modbus\functions\mbfuncinput.c 0x00000000   Number         0  mbfuncinput.o ABSOLUTE
    ..\Package\modbus\functions\mbfuncother.c 0x00000000   Number         0  mbfuncother.o ABSOLUTE
    ..\Package\modbus\functions\mbutils.c    0x00000000   Number         0  mbutils.o ABSOLUTE
    ..\Package\modbus\mb.c                   0x00000000   Number         0  mb.o ABSOLUTE
    ..\Package\modbus\rtu\mbcrc.c            0x00000000   Number         0  mbcrc.o ABSOLUTE
    ..\Package\modbus\rtu\mbrtu.c            0x00000000   Number         0  mbrtu.o ABSOLUTE
    ..\\Libraries\\CMSIS\\core_cm3.c         0x00000000   Number         0  core_cm3.o ABSOLUTE
    dc.s                                     0x00000000   Number         0  dc.o ABSOLUTE
    RESET                                    0x08000000   Section      236  startup_stm32f10x_md.o(RESET)
    !!!main                                  0x080000ec   Section        8  __main.o(!!!main)
    !!!scatter                               0x080000f4   Section       52  __scatter.o(!!!scatter)
    !!handler_copy                           0x08000128   Section       26  __scatter_copy.o(!!handler_copy)
    !!handler_zi                             0x08000144   Section       28  __scatter_zi.o(!!handler_zi)
    .ARM.Collect$$libinit$$00000000          0x08000160   Section        2  libinit.o(.ARM.Collect$$libinit$$00000000)
    .ARM.Collect$$libinit$$00000002          0x08000162   Section        0  libinit2.o(.ARM.Collect$$libinit$$00000002)
    .ARM.Collect$$libinit$$00000004          0x08000162   Section        0  libinit2.o(.ARM.Collect$$libinit$$00000004)
    .ARM.Collect$$libinit$$0000000A          0x08000162   Section        0  libinit2.o(.ARM.Collect$$libinit$$0000000A)
    .ARM.Collect$$libinit$$0000000C          0x08000162   Section        0  libinit2.o(.ARM.Collect$$libinit$$0000000C)
    .ARM.Collect$$libinit$$0000000E          0x08000162   Section        0  libinit2.o(.ARM.Collect$$libinit$$0000000E)
    .ARM.Collect$$libinit$$00000011          0x08000162   Section        0  libinit2.o(.ARM.Collect$$libinit$$00000011)
    .ARM.Collect$$libinit$$00000013          0x08000162   Section        0  libinit2.o(.ARM.Collect$$libinit$$00000013)
    .ARM.Collect$$libinit$$00000015          0x08000162   Section        0  libinit2.o(.ARM.Collect$$libinit$$00000015)
    .ARM.Collect$$libinit$$00000017          0x08000162   Section        0  libinit2.o(.ARM.Collect$$libinit$$00000017)
    .ARM.Collect$$libinit$$00000019          0x08000162   Section        0  libinit2.o(.ARM.Collect$$libinit$$00000019)
    .ARM.Collect$$libinit$$0000001B          0x08000162   Section        0  libinit2.o(.ARM.Collect$$libinit$$0000001B)
    .ARM.Collect$$libinit$$0000001D          0x08000162   Section        0  libinit2.o(.ARM.Collect$$libinit$$0000001D)
    .ARM.Collect$$libinit$$0000001F          0x08000162   Section        0  libinit2.o(.ARM.Collect$$libinit$$0000001F)
    .ARM.Collect$$libinit$$00000021          0x08000162   Section        0  libinit2.o(.ARM.Collect$$libinit$$00000021)
    .ARM.Collect$$libinit$$00000023          0x08000162   Section        0  libinit2.o(.ARM.Collect$$libinit$$00000023)
    .ARM.Collect$$libinit$$00000025          0x08000162   Section        0  libinit2.o(.ARM.Collect$$libinit$$00000025)
    .ARM.Collect$$libinit$$0000002C          0x08000162   Section        0  libinit2.o(.ARM.Collect$$libinit$$0000002C)
    .ARM.Collect$$libinit$$0000002E          0x08000162   Section        0  libinit2.o(.ARM.Collect$$libinit$$0000002E)
    .ARM.Collect$$libinit$$00000030          0x08000162   Section        0  libinit2.o(.ARM.Collect$$libinit$$00000030)
    .ARM.Collect$$libinit$$00000032          0x08000162   Section        0  libinit2.o(.ARM.Collect$$libinit$$00000032)
    .ARM.Collect$$libinit$$00000033          0x08000162   Section        2  libinit2.o(.ARM.Collect$$libinit$$00000033)
    .ARM.Collect$$libshutdown$$00000000      0x08000164   Section        2  libshutdown.o(.ARM.Collect$$libshutdown$$00000000)
    .ARM.Collect$$libshutdown$$00000002      0x08000166   Section        0  libshutdown2.o(.ARM.Collect$$libshutdown$$00000002)
    .ARM.Collect$$libshutdown$$00000004      0x08000166   Section        0  libshutdown2.o(.ARM.Collect$$libshutdown$$00000004)
    .ARM.Collect$$libshutdown$$00000006      0x08000166   Section        0  libshutdown2.o(.ARM.Collect$$libshutdown$$00000006)
    .ARM.Collect$$libshutdown$$00000009      0x08000166   Section        0  libshutdown2.o(.ARM.Collect$$libshutdown$$00000009)
    .ARM.Collect$$libshutdown$$0000000C      0x08000166   Section        0  libshutdown2.o(.ARM.Collect$$libshutdown$$0000000C)
    .ARM.Collect$$libshutdown$$0000000E      0x08000166   Section        0  libshutdown2.o(.ARM.Collect$$libshutdown$$0000000E)
    .ARM.Collect$$libshutdown$$00000011      0x08000166   Section        0  libshutdown2.o(.ARM.Collect$$libshutdown$$00000011)
    .ARM.Collect$$libshutdown$$00000012      0x08000166   Section        2  libshutdown2.o(.ARM.Collect$$libshutdown$$00000012)
    .ARM.Collect$$rtentry$$00000000          0x08000168   Section        0  __rtentry.o(.ARM.Collect$$rtentry$$00000000)
    .ARM.Collect$$rtentry$$00000002          0x08000168   Section        0  __rtentry2.o(.ARM.Collect$$rtentry$$00000002)
    .ARM.Collect$$rtentry$$00000004          0x08000168   Section        6  __rtentry4.o(.ARM.Collect$$rtentry$$00000004)
    .ARM.Collect$$rtentry$$00000009          0x0800016e   Section        0  __rtentry2.o(.ARM.Collect$$rtentry$$00000009)
    .ARM.Collect$$rtentry$$0000000A          0x0800016e   Section        4  __rtentry2.o(.ARM.Collect$$rtentry$$0000000A)
    .ARM.Collect$$rtentry$$0000000C          0x08000172   Section        0  __rtentry2.o(.ARM.Collect$$rtentry$$0000000C)
    .ARM.Collect$$rtentry$$0000000D          0x08000172   Section        8  __rtentry2.o(.ARM.Collect$$rtentry$$0000000D)
    .ARM.Collect$$rtexit$$00000000           0x0800017a   Section        2  rtexit.o(.ARM.Collect$$rtexit$$00000000)
    .ARM.Collect$$rtexit$$00000002           0x0800017c   Section        0  rtexit2.o(.ARM.Collect$$rtexit$$00000002)
    .ARM.Collect$$rtexit$$00000003           0x0800017c   Section        4  rtexit2.o(.ARM.Collect$$rtexit$$00000003)
    .ARM.Collect$$rtexit$$00000004           0x08000180   Section        6  rtexit2.o(.ARM.Collect$$rtexit$$00000004)
    .text                                    0x08000188   Section       64  startup_stm32f10x_md.o(.text)
    .text                                    0x080001c8   Section        0  assert.o(.text)
    .text                                    0x08000248   Section      138  rt_memcpy_v6.o(.text)
    .text                                    0x080002d2   Section        0  heapauxi.o(.text)
    .text                                    0x080002d8   Section        0  abort.o(.text)
    .text                                    0x080002ee   Section        0  assert_puts.o(.text)
    .text                                    0x08000302   Section      100  rt_memcpy_w.o(.text)
    .text                                    0x08000366   Section        0  sys_wrch.o(.text)
    .text                                    0x08000374   Section        0  sys_exit.o(.text)
    .text                                    0x08000380   Section        0  defsig_abrt_outer.o(.text)
    .text                                    0x0800038e   Section        2  use_no_semi.o(.text)
    .text                                    0x08000390   Section        0  indicate_semi.o(.text)
    .text                                    0x08000390   Section       74  sys_stackheap_outer.o(.text)
    .text                                    0x080003da   Section        0  exit.o(.text)
    .text                                    0x080003ec   Section        0  defsig_exit.o(.text)
    .text                                    0x080003f8   Section        0  defsig_abrt_inner.o(.text)
    .text                                    0x08000428   Section        8  libspace.o(.text)
    .text                                    0x08000430   Section        0  defsig_general.o(.text)
    i.BusFault_Handler                       0x08000462   Section        0  stm32f10x_it.o(i.BusFault_Handler)
    i.DebugMon_Handler                       0x08000466   Section        0  stm32f10x_it.o(i.DebugMon_Handler)
    i.GPIO_Init                              0x08000468   Section        0  stm32f10x_gpio.o(i.GPIO_Init)
    i.HardFault_Handler                      0x0800057e   Section        0  stm32f10x_it.o(i.HardFault_Handler)
    i.MemManage_Handler                      0x08000582   Section        0  stm32f10x_it.o(i.MemManage_Handler)
    i.NMI_Handler                            0x08000586   Section        0  stm32f10x_it.o(i.NMI_Handler)
    i.NVIC_Configuration                     0x08000588   Section        0  bsp_usart.o(i.NVIC_Configuration)
    NVIC_Configuration                       0x08000589   Thumb Code    40  bsp_usart.o(i.NVIC_Configuration)
    i.NVIC_Init                              0x080005b0   Section        0  misc.o(i.NVIC_Init)
    i.NVIC_PriorityGroupConfig               0x08000620   Section        0  misc.o(i.NVIC_PriorityGroupConfig)
    i.PendSV_Handler                         0x08000634   Section        0  stm32f10x_it.o(i.PendSV_Handler)
    i.RCC_APB1PeriphClockCmd                 0x08000638   Section        0  stm32f10x_rcc.o(i.RCC_APB1PeriphClockCmd)
    i.RCC_APB1PeriphResetCmd                 0x08000658   Section        0  stm32f10x_rcc.o(i.RCC_APB1PeriphResetCmd)
    i.RCC_APB2PeriphClockCmd                 0x08000678   Section        0  stm32f10x_rcc.o(i.RCC_APB2PeriphClockCmd)
    i.RCC_APB2PeriphResetCmd                 0x08000698   Section        0  stm32f10x_rcc.o(i.RCC_APB2PeriphResetCmd)
    i.RCC_GetClocksFreq                      0x080006b8   Section        0  stm32f10x_rcc.o(i.RCC_GetClocksFreq)
    i.SVC_Handler                            0x0800078c   Section        0  stm32f10x_it.o(i.SVC_Handler)
    i.SetSysClock                            0x0800078e   Section        0  system_stm32f10x.o(i.SetSysClock)
    SetSysClock                              0x0800078f   Thumb Code     8  system_stm32f10x.o(i.SetSysClock)
    i.SetSysClockTo72                        0x08000798   Section        0  system_stm32f10x.o(i.SetSysClockTo72)
    SetSysClockTo72                          0x08000799   Thumb Code   214  system_stm32f10x.o(i.SetSysClockTo72)
    i.SysTick_Handler                        0x08000878   Section        0  stm32f10x_it.o(i.SysTick_Handler)
    i.SystemInit                             0x0800087c   Section        0  system_stm32f10x.o(i.SystemInit)
    i.TIM2_IRQHandler                        0x080008dc   Section        0  porttimer.o(i.TIM2_IRQHandler)
    i.TIM_ClearITPendingBit                  0x080008f6   Section        0  stm32f10x_tim.o(i.TIM_ClearITPendingBit)
    i.TIM_Cmd                                0x080008fc   Section        0  stm32f10x_tim.o(i.TIM_Cmd)
    i.TIM_DeInit                             0x08000914   Section        0  stm32f10x_tim.o(i.TIM_DeInit)
    i.TIM_GetITStatus                        0x08000afc   Section        0  stm32f10x_tim.o(i.TIM_GetITStatus)
    i.TIM_ITConfig                           0x08000b1e   Section        0  stm32f10x_tim.o(i.TIM_ITConfig)
    i.TIM_SetCounter                         0x08000b30   Section        0  stm32f10x_tim.o(i.TIM_SetCounter)
    i.TIM_TimeBaseInit                       0x08000b34   Section        0  stm32f10x_tim.o(i.TIM_TimeBaseInit)
    i.USART1_IRQHandler                      0x08000bd8   Section        0  portserial.o(i.USART1_IRQHandler)
    i.USART_ClearITPendingBit                0x08000c34   Section        0  stm32f10x_usart.o(i.USART_ClearITPendingBit)
    i.USART_Cmd                              0x08000c52   Section        0  stm32f10x_usart.o(i.USART_Cmd)
    i.USART_Config                           0x08000c6c   Section        0  bsp_usart.o(i.USART_Config)
    i.USART_GetITStatus                      0x08000cf0   Section        0  stm32f10x_usart.o(i.USART_GetITStatus)
    i.USART_ITConfig                         0x08000d44   Section        0  stm32f10x_usart.o(i.USART_ITConfig)
    i.USART_Init                             0x08000d90   Section        0  stm32f10x_usart.o(i.USART_Init)
    i.USART_ReceiveData                      0x08000e68   Section        0  stm32f10x_usart.o(i.USART_ReceiveData)
    i.USART_SendData                         0x08000e72   Section        0  stm32f10x_usart.o(i.USART_SendData)
    i.UsageFault_Handler                     0x08000e7a   Section        0  stm32f10x_it.o(i.UsageFault_Handler)
    i.eMBEnable                              0x08000e80   Section        0  mb.o(i.eMBEnable)
    i.eMBFuncReadCoils                       0x08000ea8   Section        0  mbfunccoils.o(i.eMBFuncReadCoils)
    i.eMBFuncReadDiscreteInputs              0x08000f56   Section        0  mbfuncdisc.o(i.eMBFuncReadDiscreteInputs)
    i.eMBFuncReadHoldingRegister             0x08001002   Section        0  mbfuncholding.o(i.eMBFuncReadHoldingRegister)
    i.eMBFuncReadInputRegister               0x0800108e   Section        0  mbfuncinput.o(i.eMBFuncReadInputRegister)
    i.eMBFuncReadWriteMultipleHoldingRegister 0x0800111a   Section        0  mbfuncholding.o(i.eMBFuncReadWriteMultipleHoldingRegister)
    i.eMBFuncReportSlaveID                   0x080011f0   Section        0  mbfuncother.o(i.eMBFuncReportSlaveID)
    i.eMBFuncWriteCoil                       0x08001218   Section        0  mbfunccoils.o(i.eMBFuncWriteCoil)
    i.eMBFuncWriteHoldingRegister            0x08001288   Section        0  mbfuncholding.o(i.eMBFuncWriteHoldingRegister)
    i.eMBFuncWriteMultipleCoils              0x080012ca   Section        0  mbfunccoils.o(i.eMBFuncWriteMultipleCoils)
    i.eMBFuncWriteMultipleHoldingRegister    0x0800135a   Section        0  mbfuncholding.o(i.eMBFuncWriteMultipleHoldingRegister)
    i.eMBInit                                0x080013c8   Section        0  mb.o(i.eMBInit)
    i.eMBPoll                                0x080014a8   Section        0  mb.o(i.eMBPoll)
    i.eMBRTUInit                             0x080015e0   Section        0  mbrtu.o(i.eMBRTUInit)
    i.eMBRTUReceive                          0x08001630   Section        0  mbrtu.o(i.eMBRTUReceive)
    i.eMBRTUSend                             0x080016dc   Section        0  mbrtu.o(i.eMBRTUSend)
    i.eMBRTUStart                            0x08001784   Section        0  mbrtu.o(i.eMBRTUStart)
    i.eMBRTUStop                             0x080017a0   Section        0  mbrtu.o(i.eMBRTUStop)
    i.eMBRegCoilsCB                          0x080017b0   Section        0  main.o(i.eMBRegCoilsCB)
    i.eMBRegDiscreteCB                       0x08001848   Section        0  main.o(i.eMBRegDiscreteCB)
    i.eMBRegHoldingCB                        0x080018a8   Section        0  main.o(i.eMBRegHoldingCB)
    i.eMBRegInputCB                          0x08001924   Section        0  main.o(i.eMBRegInputCB)
    i.main                                   0x0800196c   Section        0  main.o(i.main)
    i.prveMBError2Exception                  0x0800198a   Section        0  mbutils.o(i.prveMBError2Exception)
    i.prvvTIMERExpiredISR                    0x080019ac   Section        0  porttimer.o(i.prvvTIMERExpiredISR)
    prvvTIMERExpiredISR                      0x080019ad   Thumb Code    10  porttimer.o(i.prvvTIMERExpiredISR)
    i.prvvUARTRxISR                          0x080019bc   Section        0  portserial.o(i.prvvUARTRxISR)
    prvvUARTRxISR                            0x080019bd   Thumb Code    10  portserial.o(i.prvvUARTRxISR)
    i.prvvUARTTxReadyISR                     0x080019cc   Section        0  portserial.o(i.prvvUARTTxReadyISR)
    prvvUARTTxReadyISR                       0x080019cd   Thumb Code    10  portserial.o(i.prvvUARTTxReadyISR)
    i.timer2_init                            0x080019dc   Section        0  bsp_timer2.o(i.timer2_init)
    i.timer2_nvic                            0x08001a1e   Section        0  bsp_timer2.o(i.timer2_nvic)
    timer2_nvic                              0x08001a1f   Thumb Code    32  bsp_timer2.o(i.timer2_nvic)
    i.usMBCRC16                              0x08001a40   Section        0  mbcrc.o(i.usMBCRC16)
    i.vMBPortSerialEnable                    0x08001a78   Section        0  portserial.o(i.vMBPortSerialEnable)
    i.vMBPortTimersDisable                   0x08001abc   Section        0  porttimer.o(i.vMBPortTimersDisable)
    i.vMBPortTimersEnable                    0x08001ae6   Section        0  porttimer.o(i.vMBPortTimersEnable)
    i.xMBPortEventGet                        0x08001b10   Section        0  portevent.o(i.xMBPortEventGet)
    i.xMBPortEventInit                       0x08001b34   Section        0  portevent.o(i.xMBPortEventInit)
    i.xMBPortEventPost                       0x08001b44   Section        0  portevent.o(i.xMBPortEventPost)
    i.xMBPortSerialGetByte                   0x08001b5c   Section        0  portserial.o(i.xMBPortSerialGetByte)
    i.xMBPortSerialInit                      0x08001b70   Section        0  portserial.o(i.xMBPortSerialInit)
    i.xMBPortSerialPutByte                   0x08001b88   Section        0  portserial.o(i.xMBPortSerialPutByte)
    i.xMBPortTimersInit                      0x08001b9c   Section        0  porttimer.o(i.xMBPortTimersInit)
    i.xMBRTUReceiveFSM                       0x08001bac   Section        0  mbrtu.o(i.xMBRTUReceiveFSM)
    i.xMBRTUTimerT35Expired                  0x08001c84   Section        0  mbrtu.o(i.xMBRTUTimerT35Expired)
    i.xMBRTUTransmitFSM                      0x08001d0c   Section        0  mbrtu.o(i.xMBRTUTransmitFSM)
    i.xMBUtilGetBits                         0x08001dcc   Section        0  mbutils.o(i.xMBUtilGetBits)
    i.xMBUtilSetBits                         0x08001df8   Section        0  mbutils.o(i.xMBUtilSetBits)
    .constdata                               0x08001e98   Section      512  mbcrc.o(.constdata)
    aucCRCHi                                 0x08001e98   Data         256  mbcrc.o(.constdata)
    aucCRCLo                                 0x08001f98   Data         256  mbcrc.o(.constdata)
    .conststring                             0x08002098   Section       99  mbrtu.o(.conststring)
    .data                                    0x20000000   Section       20  stm32f10x_rcc.o(.data)
    APBAHBPrescTable                         0x20000000   Data          16  stm32f10x_rcc.o(.data)
    ADCPrescTable                            0x20000010   Data           4  stm32f10x_rcc.o(.data)
    .data                                    0x20000014   Section        2  portevent.o(.data)
    eQueuedEvent                             0x20000014   Data           1  portevent.o(.data)
    xEventInQueue                            0x20000015   Data           1  portevent.o(.data)
    .data                                    0x20000018   Section       30  main.o(.data)
    .data                                    0x20000036   Section        2  mbfuncother.o(.data)
    usMBSlaveIDLen                           0x20000036   Data           2  mbfuncother.o(.data)
    .data                                    0x20000038   Section       12  mbrtu.o(.data)
    eSndState                                0x20000038   Data           1  mbrtu.o(.data)
    eRcvState                                0x20000039   Data           1  mbrtu.o(.data)
    pucSndBufferCur                          0x2000003c   Data           4  mbrtu.o(.data)
    usSndBufferCount                         0x20000040   Data           2  mbrtu.o(.data)
    usRcvBufferPos                           0x20000042   Data           2  mbrtu.o(.data)
    .data                                    0x20000044   Section      181  mb.o(.data)
    eMBCurrentMode                           0x20000044   Data           1  mb.o(.data)
    eMBState                                 0x20000045   Data           1  mb.o(.data)
    peMBFrameSendCur                         0x20000048   Data           4  mb.o(.data)
    pvMBFrameStartCur                        0x2000004c   Data           4  mb.o(.data)
    pvMBFrameStopCur                         0x20000050   Data           4  mb.o(.data)
    peMBFrameReceiveCur                      0x20000054   Data           4  mb.o(.data)
    pvMBFrameCloseCur                        0x20000058   Data           4  mb.o(.data)
    xFuncHandlers                            0x20000070   Data         128  mb.o(.data)
    ucMBFrame                                0x200000f0   Data           4  mb.o(.data)
    ucRcvAddress                             0x200000f4   Data           1  mb.o(.data)
    ucFunctionCode                           0x200000f5   Data           1  mb.o(.data)
    usLength                                 0x200000f6   Data           2  mb.o(.data)
    eException                               0x200000f8   Data           1  mb.o(.data)
    .bss                                     0x200000fc   Section       16  main.o(.bss)
    .bss                                     0x2000010c   Section       32  mbfuncother.o(.bss)
    ucMBSlaveID                              0x2000010c   Data          32  mbfuncother.o(.bss)
    .bss                                     0x2000012c   Section      256  mbrtu.o(.bss)
    .bss                                     0x2000022c   Section       96  libspace.o(.bss)
    HEAP                                     0x20000290   Section      512  startup_stm32f10x_md.o(HEAP)
    Heap_Mem                                 0x20000290   Data         512  startup_stm32f10x_md.o(HEAP)
    STACK                                    0x20000490   Section     1024  startup_stm32f10x_md.o(STACK)
    Stack_Mem                                0x20000490   Data        1024  startup_stm32f10x_md.o(STACK)
    __initial_sp                             0x20000890   Data           0  startup_stm32f10x_md.o(STACK)

    Global Symbols

    Symbol Name                              Value     Ov Type        Size  Object(Section)

    BuildAttributes$$THM_ISAv4$P$D$K$B$S$PE$A:L22UL41UL21$X:L11$S22US41US21$IEEE1$IW$USESV6$~STKCKD$USESV7$~SHL$OTIME$ROPI$EBA8$UX$STANDARDLIB$REQ8$PRES8$EABIv2 0x00000000   Number         0  anon$$obj.o ABSOLUTE
    __ARM_use_no_argv                        0x00000000   Number         0  main.o ABSOLUTE
    __ARM_exceptions_init                     - Undefined Weak Reference
    __alloca_initialize                       - Undefined Weak Reference
    __arm_fini_                               - Undefined Weak Reference
    __arm_preinit_                            - Undefined Weak Reference
    __cpp_initialize__aeabi_                  - Undefined Weak Reference
    __cxa_finalize                            - Undefined Weak Reference
    __rt_locale                               - Undefined Weak Reference
    __sigvec_lookup                           - Undefined Weak Reference
    __user_heap_extent                        - Undefined Weak Reference
    _atexit_init                              - Undefined Weak Reference
    _call_atexit_fns                          - Undefined Weak Reference
    _clock_init                               - Undefined Weak Reference
    _fp_trap_init                             - Undefined Weak Reference
    _fp_trap_shutdown                         - Undefined Weak Reference
    _get_lc_collate                           - Undefined Weak Reference
    _get_lc_ctype                             - Undefined Weak Reference
    _get_lc_monetary                          - Undefined Weak Reference
    _get_lc_numeric                           - Undefined Weak Reference
    _get_lc_time                              - Undefined Weak Reference
    _getenv_init                              - Undefined Weak Reference
    _handle_redirection                       - Undefined Weak Reference
    _mutex_acquire                            - Undefined Weak Reference
    _mutex_free                               - Undefined Weak Reference
    _mutex_release                            - Undefined Weak Reference
    _rand_init                                - Undefined Weak Reference
    _signal_finish                            - Undefined Weak Reference
    _signal_init                              - Undefined Weak Reference
    __Vectors_Size                           0x000000ec   Number         0  startup_stm32f10x_md.o ABSOLUTE
    __Vectors                                0x08000000   Data           4  startup_stm32f10x_md.o(RESET)
    __Vectors_End                            0x080000ec   Data           0  startup_stm32f10x_md.o(RESET)
    __main                                   0x080000ed   Thumb Code     8  __main.o(!!!main)
    __scatterload                            0x080000f5   Thumb Code     0  __scatter.o(!!!scatter)
    __scatterload_rt2                        0x080000f5   Thumb Code    44  __scatter.o(!!!scatter)
    __scatterload_rt2_thumb_only             0x080000f5   Thumb Code     0  __scatter.o(!!!scatter)
    __scatterload_null                       0x08000103   Thumb Code     0  __scatter.o(!!!scatter)
    __scatterload_copy                       0x08000129   Thumb Code    26  __scatter_copy.o(!!handler_copy)
    __scatterload_zeroinit                   0x08000145   Thumb Code    28  __scatter_zi.o(!!handler_zi)
    __rt_lib_init                            0x08000161   Thumb Code     0  libinit.o(.ARM.Collect$$libinit$$00000000)
    __rt_lib_init_alloca_1                   0x08000163   Thumb Code     0  libinit2.o(.ARM.Collect$$libinit$$0000002E)
    __rt_lib_init_argv_1                     0x08000163   Thumb Code     0  libinit2.o(.ARM.Collect$$libinit$$0000002C)
    __rt_lib_init_atexit_1                   0x08000163   Thumb Code     0  libinit2.o(.ARM.Collect$$libinit$$0000001B)
    __rt_lib_init_clock_1                    0x08000163   Thumb Code     0  libinit2.o(.ARM.Collect$$libinit$$00000021)
    __rt_lib_init_cpp_1                      0x08000163   Thumb Code     0  libinit2.o(.ARM.Collect$$libinit$$00000032)
    __rt_lib_init_exceptions_1               0x08000163   Thumb Code     0  libinit2.o(.ARM.Collect$$libinit$$00000030)
    __rt_lib_init_fp_1                       0x08000163   Thumb Code     0  libinit2.o(.ARM.Collect$$libinit$$00000002)
    __rt_lib_init_fp_trap_1                  0x08000163   Thumb Code     0  libinit2.o(.ARM.Collect$$libinit$$0000001F)
    __rt_lib_init_getenv_1                   0x08000163   Thumb Code     0  libinit2.o(.ARM.Collect$$libinit$$00000023)
    __rt_lib_init_heap_1                     0x08000163   Thumb Code     0  libinit2.o(.ARM.Collect$$libinit$$0000000A)
    __rt_lib_init_lc_collate_1               0x08000163   Thumb Code     0  libinit2.o(.ARM.Collect$$libinit$$00000011)
    __rt_lib_init_lc_ctype_1                 0x08000163   Thumb Code     0  libinit2.o(.ARM.Collect$$libinit$$00000013)
    __rt_lib_init_lc_monetary_1              0x08000163   Thumb Code     0  libinit2.o(.ARM.Collect$$libinit$$00000015)
    __rt_lib_init_lc_numeric_1               0x08000163   Thumb Code     0  libinit2.o(.ARM.Collect$$libinit$$00000017)
    __rt_lib_init_lc_time_1                  0x08000163   Thumb Code     0  libinit2.o(.ARM.Collect$$libinit$$00000019)
    __rt_lib_init_preinit_1                  0x08000163   Thumb Code     0  libinit2.o(.ARM.Collect$$libinit$$00000004)
    __rt_lib_init_rand_1                     0x08000163   Thumb Code     0  libinit2.o(.ARM.Collect$$libinit$$0000000E)
    __rt_lib_init_return                     0x08000163   Thumb Code     0  libinit2.o(.ARM.Collect$$libinit$$00000033)
    __rt_lib_init_signal_1                   0x08000163   Thumb Code     0  libinit2.o(.ARM.Collect$$libinit$$0000001D)
    __rt_lib_init_stdio_1                    0x08000163   Thumb Code     0  libinit2.o(.ARM.Collect$$libinit$$00000025)
    __rt_lib_init_user_alloc_1               0x08000163   Thumb Code     0  libinit2.o(.ARM.Collect$$libinit$$0000000C)
    __rt_lib_shutdown                        0x08000165   Thumb Code     0  libshutdown.o(.ARM.Collect$$libshutdown$$00000000)
    __rt_lib_shutdown_cpp_1                  0x08000167   Thumb Code     0  libshutdown2.o(.ARM.Collect$$libshutdown$$00000004)
    __rt_lib_shutdown_fini_1                 0x08000167   Thumb Code     0  libshutdown2.o(.ARM.Collect$$libshutdown$$00000002)
    __rt_lib_shutdown_fp_trap_1              0x08000167   Thumb Code     0  libshutdown2.o(.ARM.Collect$$libshutdown$$00000009)
    __rt_lib_shutdown_heap_1                 0x08000167   Thumb Code     0  libshutdown2.o(.ARM.Collect$$libshutdown$$00000011)
    __rt_lib_shutdown_return                 0x08000167   Thumb Code     0  libshutdown2.o(.ARM.Collect$$libshutdown$$00000012)
    __rt_lib_shutdown_signal_1               0x08000167   Thumb Code     0  libshutdown2.o(.ARM.Collect$$libshutdown$$0000000C)
    __rt_lib_shutdown_stdio_1                0x08000167   Thumb Code     0  libshutdown2.o(.ARM.Collect$$libshutdown$$00000006)
    __rt_lib_shutdown_user_alloc_1           0x08000167   Thumb Code     0  libshutdown2.o(.ARM.Collect$$libshutdown$$0000000E)
    __rt_entry                               0x08000169   Thumb Code     0  __rtentry.o(.ARM.Collect$$rtentry$$00000000)
    __rt_entry_presh_1                       0x08000169   Thumb Code     0  __rtentry2.o(.ARM.Collect$$rtentry$$00000002)
    __rt_entry_sh                            0x08000169   Thumb Code     0  __rtentry4.o(.ARM.Collect$$rtentry$$00000004)
    __rt_entry_li                            0x0800016f   Thumb Code     0  __rtentry2.o(.ARM.Collect$$rtentry$$0000000A)
    __rt_entry_postsh_1                      0x0800016f   Thumb Code     0  __rtentry2.o(.ARM.Collect$$rtentry$$00000009)
    __rt_entry_main                          0x08000173   Thumb Code     0  __rtentry2.o(.ARM.Collect$$rtentry$$0000000D)
    __rt_entry_postli_1                      0x08000173   Thumb Code     0  __rtentry2.o(.ARM.Collect$$rtentry$$0000000C)
    __rt_exit                                0x0800017b   Thumb Code     0  rtexit.o(.ARM.Collect$$rtexit$$00000000)
    __rt_exit_ls                             0x0800017d   Thumb Code     0  rtexit2.o(.ARM.Collect$$rtexit$$00000003)
    __rt_exit_prels_1                        0x0800017d   Thumb Code     0  rtexit2.o(.ARM.Collect$$rtexit$$00000002)
    __rt_exit_exit                           0x08000181   Thumb Code     0  rtexit2.o(.ARM.Collect$$rtexit$$00000004)
    Reset_Handler                            0x08000189   Thumb Code     8  startup_stm32f10x_md.o(.text)
    ADC1_2_IRQHandler                        0x080001a3   Thumb Code     0  startup_stm32f10x_md.o(.text)
    CAN1_RX1_IRQHandler                      0x080001a3   Thumb Code     0  startup_stm32f10x_md.o(.text)
    CAN1_SCE_IRQHandler                      0x080001a3   Thumb Code     0  startup_stm32f10x_md.o(.text)
    DMA1_Channel1_IRQHandler                 0x080001a3   Thumb Code     0  startup_stm32f10x_md.o(.text)
    DMA1_Channel2_IRQHandler                 0x080001a3   Thumb Code     0  startup_stm32f10x_md.o(.text)
    DMA1_Channel3_IRQHandler                 0x080001a3   Thumb Code     0  startup_stm32f10x_md.o(.text)
    DMA1_Channel4_IRQHandler                 0x080001a3   Thumb Code     0  startup_stm32f10x_md.o(.text)
    DMA1_Channel5_IRQHandler                 0x080001a3   Thumb Code     0  startup_stm32f10x_md.o(.text)
    DMA1_Channel6_IRQHandler                 0x080001a3   Thumb Code     0  startup_stm32f10x_md.o(.text)
    DMA1_Channel7_IRQHandler                 0x080001a3   Thumb Code     0  startup_stm32f10x_md.o(.text)
    EXTI0_IRQHandler                         0x080001a3   Thumb Code     0  startup_stm32f10x_md.o(.text)
    EXTI15_10_IRQHandler                     0x080001a3   Thumb Code     0  startup_stm32f10x_md.o(.text)
    EXTI1_IRQHandler                         0x080001a3   Thumb Code     0  startup_stm32f10x_md.o(.text)
    EXTI2_IRQHandler                         0x080001a3   Thumb Code     0  startup_stm32f10x_md.o(.text)
    EXTI3_IRQHandler                         0x080001a3   Thumb Code     0  startup_stm32f10x_md.o(.text)
    EXTI4_IRQHandler                         0x080001a3   Thumb Code     0  startup_stm32f10x_md.o(.text)
    EXTI9_5_IRQHandler                       0x080001a3   Thumb Code     0  startup_stm32f10x_md.o(.text)
    FLASH_IRQHandler                         0x080001a3   Thumb Code     0  startup_stm32f10x_md.o(.text)
    I2C1_ER_IRQHandler                       0x080001a3   Thumb Code     0  startup_stm32f10x_md.o(.text)
    I2C1_EV_IRQHandler                       0x080001a3   Thumb Code     0  startup_stm32f10x_md.o(.text)
    I2C2_ER_IRQHandler                       0x080001a3   Thumb Code     0  startup_stm32f10x_md.o(.text)
    I2C2_EV_IRQHandler                       0x080001a3   Thumb Code     0  startup_stm32f10x_md.o(.text)
    PVD_IRQHandler                           0x080001a3   Thumb Code     0  startup_stm32f10x_md.o(.text)
    RCC_IRQHandler                           0x080001a3   Thumb Code     0  startup_stm32f10x_md.o(.text)
    RTCAlarm_IRQHandler                      0x080001a3   Thumb Code     0  startup_stm32f10x_md.o(.text)
    RTC_IRQHandler                           0x080001a3   Thumb Code     0  startup_stm32f10x_md.o(.text)
    SPI1_IRQHandler                          0x080001a3   Thumb Code     0  startup_stm32f10x_md.o(.text)
    SPI2_IRQHandler                          0x080001a3   Thumb Code     0  startup_stm32f10x_md.o(.text)
    TAMPER_IRQHandler                        0x080001a3   Thumb Code     0  startup_stm32f10x_md.o(.text)
    TIM1_BRK_IRQHandler                      0x080001a3   Thumb Code     0  startup_stm32f10x_md.o(.text)
    TIM1_CC_IRQHandler                       0x080001a3   Thumb Code     0  startup_stm32f10x_md.o(.text)
    TIM1_TRG_COM_IRQHandler                  0x080001a3   Thumb Code     0  startup_stm32f10x_md.o(.text)
    TIM1_UP_IRQHandler                       0x080001a3   Thumb Code     0  startup_stm32f10x_md.o(.text)
    TIM3_IRQHandler                          0x080001a3   Thumb Code     0  startup_stm32f10x_md.o(.text)
    TIM4_IRQHandler                          0x080001a3   Thumb Code     0  startup_stm32f10x_md.o(.text)
    USART2_IRQHandler                        0x080001a3   Thumb Code     0  startup_stm32f10x_md.o(.text)
    USART3_IRQHandler                        0x080001a3   Thumb Code     0  startup_stm32f10x_md.o(.text)
    USBWakeUp_IRQHandler                     0x080001a3   Thumb Code     0  startup_stm32f10x_md.o(.text)
    USB_HP_CAN1_TX_IRQHandler                0x080001a3   Thumb Code     0  startup_stm32f10x_md.o(.text)
    USB_LP_CAN1_RX0_IRQHandler               0x080001a3   Thumb Code     0  startup_stm32f10x_md.o(.text)
    WWDG_IRQHandler                          0x080001a3   Thumb Code     0  startup_stm32f10x_md.o(.text)
    __user_initial_stackheap                 0x080001a5   Thumb Code     0  startup_stm32f10x_md.o(.text)
    __aeabi_assert                           0x080001c9   Thumb Code    86  assert.o(.text)
    __assert                                 0x080001c9   Thumb Code     0  assert.o(.text)
    __aeabi_memcpy                           0x08000249   Thumb Code     0  rt_memcpy_v6.o(.text)
    __rt_memcpy                              0x08000249   Thumb Code   138  rt_memcpy_v6.o(.text)
    _memcpy_lastbytes                        0x080002af   Thumb Code     0  rt_memcpy_v6.o(.text)
    __use_two_region_memory                  0x080002d3   Thumb Code     2  heapauxi.o(.text)
    __rt_heap_escrow                         0x080002d5   Thumb Code     2  heapauxi.o(.text)
    __rt_heap_expand                         0x080002d7   Thumb Code     2  heapauxi.o(.text)
    abort                                    0x080002d9   Thumb Code    22  abort.o(.text)
    __assert_puts                            0x080002ef   Thumb Code    20  assert_puts.o(.text)
    __aeabi_memcpy4                          0x08000303   Thumb Code     0  rt_memcpy_w.o(.text)
    __aeabi_memcpy8                          0x08000303   Thumb Code     0  rt_memcpy_w.o(.text)
    __rt_memcpy_w                            0x08000303   Thumb Code   100  rt_memcpy_w.o(.text)
    _memcpy_lastbytes_aligned                0x0800034b   Thumb Code     0  rt_memcpy_w.o(.text)
    _ttywrch                                 0x08000367   Thumb Code    14  sys_wrch.o(.text)
    _sys_exit                                0x08000375   Thumb Code     8  sys_exit.o(.text)
    __rt_SIGABRT                             0x08000381   Thumb Code    14  defsig_abrt_outer.o(.text)
    __I$use$semihosting                      0x0800038f   Thumb Code     0  use_no_semi.o(.text)
    __use_no_semihosting_swi                 0x0800038f   Thumb Code     2  use_no_semi.o(.text)
    __semihosting_library_function           0x08000391   Thumb Code     0  indicate_semi.o(.text)
    __user_setup_stackheap                   0x08000391   Thumb Code    74  sys_stackheap_outer.o(.text)
    exit                                     0x080003db   Thumb Code    18  exit.o(.text)
    __sig_exit                               0x080003ed   Thumb Code    10  defsig_exit.o(.text)
    __rt_SIGABRT_inner                       0x080003f9   Thumb Code    14  defsig_abrt_inner.o(.text)
    __user_libspace                          0x08000429   Thumb Code     8  libspace.o(.text)
    __user_perproc_libspace                  0x08000429   Thumb Code     0  libspace.o(.text)
    __user_perthread_libspace                0x08000429   Thumb Code     0  libspace.o(.text)
    __default_signal_display                 0x08000431   Thumb Code    50  defsig_general.o(.text)
    BusFault_Handler                         0x08000463   Thumb Code     4  stm32f10x_it.o(i.BusFault_Handler)
    DebugMon_Handler                         0x08000467   Thumb Code     2  stm32f10x_it.o(i.DebugMon_Handler)
    GPIO_Init                                0x08000469   Thumb Code   278  stm32f10x_gpio.o(i.GPIO_Init)
    HardFault_Handler                        0x0800057f   Thumb Code     4  stm32f10x_it.o(i.HardFault_Handler)
    MemManage_Handler                        0x08000583   Thumb Code     4  stm32f10x_it.o(i.MemManage_Handler)
    NMI_Handler                              0x08000587   Thumb Code     2  stm32f10x_it.o(i.NMI_Handler)
    NVIC_Init                                0x080005b1   Thumb Code   100  misc.o(i.NVIC_Init)
    NVIC_PriorityGroupConfig                 0x08000621   Thumb Code    10  misc.o(i.NVIC_PriorityGroupConfig)
    PendSV_Handler                           0x08000635   Thumb Code     2  stm32f10x_it.o(i.PendSV_Handler)
    RCC_APB1PeriphClockCmd                   0x08000639   Thumb Code    26  stm32f10x_rcc.o(i.RCC_APB1PeriphClockCmd)
    RCC_APB1PeriphResetCmd                   0x08000659   Thumb Code    26  stm32f10x_rcc.o(i.RCC_APB1PeriphResetCmd)
    RCC_APB2PeriphClockCmd                   0x08000679   Thumb Code    26  stm32f10x_rcc.o(i.RCC_APB2PeriphClockCmd)
    RCC_APB2PeriphResetCmd                   0x08000699   Thumb Code    26  stm32f10x_rcc.o(i.RCC_APB2PeriphResetCmd)
    RCC_GetClocksFreq                        0x080006b9   Thumb Code   192  stm32f10x_rcc.o(i.RCC_GetClocksFreq)
    SVC_Handler                              0x0800078d   Thumb Code     2  stm32f10x_it.o(i.SVC_Handler)
    SysTick_Handler                          0x08000879   Thumb Code     2  stm32f10x_it.o(i.SysTick_Handler)
    SystemInit                               0x0800087d   Thumb Code    78  system_stm32f10x.o(i.SystemInit)
    TIM2_IRQHandler                          0x080008dd   Thumb Code    26  porttimer.o(i.TIM2_IRQHandler)
    TIM_ClearITPendingBit                    0x080008f7   Thumb Code     6  stm32f10x_tim.o(i.TIM_ClearITPendingBit)
    TIM_Cmd                                  0x080008fd   Thumb Code    24  stm32f10x_tim.o(i.TIM_Cmd)
    TIM_DeInit                               0x08000915   Thumb Code   424  stm32f10x_tim.o(i.TIM_DeInit)
    TIM_GetITStatus                          0x08000afd   Thumb Code    34  stm32f10x_tim.o(i.TIM_GetITStatus)
    TIM_ITConfig                             0x08000b1f   Thumb Code    18  stm32f10x_tim.o(i.TIM_ITConfig)
    TIM_SetCounter                           0x08000b31   Thumb Code     4  stm32f10x_tim.o(i.TIM_SetCounter)
    TIM_TimeBaseInit                         0x08000b35   Thumb Code   122  stm32f10x_tim.o(i.TIM_TimeBaseInit)
    USART1_IRQHandler                        0x08000bd9   Thumb Code    88  portserial.o(i.USART1_IRQHandler)
    USART_ClearITPendingBit                  0x08000c35   Thumb Code    30  stm32f10x_usart.o(i.USART_ClearITPendingBit)
    USART_Cmd                                0x08000c53   Thumb Code    24  stm32f10x_usart.o(i.USART_Cmd)
    USART_Config                             0x08000c6d   Thumb Code   122  bsp_usart.o(i.USART_Config)
    USART_GetITStatus                        0x08000cf1   Thumb Code    84  stm32f10x_usart.o(i.USART_GetITStatus)
    USART_ITConfig                           0x08000d45   Thumb Code    74  stm32f10x_usart.o(i.USART_ITConfig)
    USART_Init                               0x08000d91   Thumb Code   210  stm32f10x_usart.o(i.USART_Init)
    USART_ReceiveData                        0x08000e69   Thumb Code    10  stm32f10x_usart.o(i.USART_ReceiveData)
    USART_SendData                           0x08000e73   Thumb Code     8  stm32f10x_usart.o(i.USART_SendData)
    UsageFault_Handler                       0x08000e7b   Thumb Code     4  stm32f10x_it.o(i.UsageFault_Handler)
    eMBEnable                                0x08000e81   Thumb Code    32  mb.o(i.eMBEnable)
    eMBFuncReadCoils                         0x08000ea9   Thumb Code   174  mbfunccoils.o(i.eMBFuncReadCoils)
    eMBFuncReadDiscreteInputs                0x08000f57   Thumb Code   172  mbfuncdisc.o(i.eMBFuncReadDiscreteInputs)
    eMBFuncReadHoldingRegister               0x08001003   Thumb Code   140  mbfuncholding.o(i.eMBFuncReadHoldingRegister)
    eMBFuncReadInputRegister                 0x0800108f   Thumb Code   140  mbfuncinput.o(i.eMBFuncReadInputRegister)
    eMBFuncReadWriteMultipleHoldingRegister  0x0800111b   Thumb Code   212  mbfuncholding.o(i.eMBFuncReadWriteMultipleHoldingRegister)
    eMBFuncReportSlaveID                     0x080011f1   Thumb Code    30  mbfuncother.o(i.eMBFuncReportSlaveID)
    eMBFuncWriteCoil                         0x08001219   Thumb Code   112  mbfunccoils.o(i.eMBFuncWriteCoil)
    eMBFuncWriteHoldingRegister              0x08001289   Thumb Code    66  mbfuncholding.o(i.eMBFuncWriteHoldingRegister)
    eMBFuncWriteMultipleCoils                0x080012cb   Thumb Code   144  mbfunccoils.o(i.eMBFuncWriteMultipleCoils)
    eMBFuncWriteMultipleHoldingRegister      0x0800135b   Thumb Code   110  mbfuncholding.o(i.eMBFuncWriteMultipleHoldingRegister)
    eMBInit                                  0x080013c9   Thumb Code   150  mb.o(i.eMBInit)
    eMBPoll                                  0x080014a9   Thumb Code   268  mb.o(i.eMBPoll)
    eMBRTUInit                               0x080015e1   Thumb Code    76  mbrtu.o(i.eMBRTUInit)
    eMBRTUReceive                            0x08001631   Thumb Code    90  mbrtu.o(i.eMBRTUReceive)
    eMBRTUSend                               0x080016dd   Thumb Code   146  mbrtu.o(i.eMBRTUSend)
    eMBRTUStart                              0x08001785   Thumb Code    22  mbrtu.o(i.eMBRTUStart)
    eMBRTUStop                               0x080017a1   Thumb Code    16  mbrtu.o(i.eMBRTUStop)
    eMBRegCoilsCB                            0x080017b1   Thumb Code   146  main.o(i.eMBRegCoilsCB)
    eMBRegDiscreteCB                         0x08001849   Thumb Code    90  main.o(i.eMBRegDiscreteCB)
    eMBRegHoldingCB                          0x080018a9   Thumb Code   114  main.o(i.eMBRegHoldingCB)
    eMBRegInputCB                            0x08001925   Thumb Code    62  main.o(i.eMBRegInputCB)
    main                                     0x0800196d   Thumb Code    30  main.o(i.main)
    prveMBError2Exception                    0x0800198b   Thumb Code    34  mbutils.o(i.prveMBError2Exception)
    timer2_init                              0x080019dd   Thumb Code    66  bsp_timer2.o(i.timer2_init)
    usMBCRC16                                0x08001a41   Thumb Code    48  mbcrc.o(i.usMBCRC16)
    vMBPortSerialEnable                      0x08001a79   Thumb Code    64  portserial.o(i.vMBPortSerialEnable)
    vMBPortTimersDisable                     0x08001abd   Thumb Code    42  porttimer.o(i.vMBPortTimersDisable)
    vMBPortTimersEnable                      0x08001ae7   Thumb Code    40  porttimer.o(i.vMBPortTimersEnable)
    xMBPortEventGet                          0x08001b11   Thumb Code    26  portevent.o(i.xMBPortEventGet)
    xMBPortEventInit                         0x08001b35   Thumb Code    10  portevent.o(i.xMBPortEventInit)
    xMBPortEventPost                         0x08001b45   Thumb Code    16  portevent.o(i.xMBPortEventPost)
    xMBPortSerialGetByte                     0x08001b5d   Thumb Code    16  portserial.o(i.xMBPortSerialGetByte)
    xMBPortSerialInit                        0x08001b71   Thumb Code    24  portserial.o(i.xMBPortSerialInit)
    xMBPortSerialPutByte                     0x08001b89   Thumb Code    16  portserial.o(i.xMBPortSerialPutByte)
    xMBPortTimersInit                        0x08001b9d   Thumb Code    14  porttimer.o(i.xMBPortTimersInit)
    xMBRTUReceiveFSM                         0x08001bad   Thumb Code   140  mbrtu.o(i.xMBRTUReceiveFSM)
    xMBRTUTimerT35Expired                    0x08001c85   Thumb Code    96  mbrtu.o(i.xMBRTUTimerT35Expired)
    xMBRTUTransmitFSM                        0x08001d0d   Thumb Code   116  mbrtu.o(i.xMBRTUTransmitFSM)
    xMBUtilGetBits                           0x08001dcd   Thumb Code    42  mbutils.o(i.xMBUtilGetBits)
    xMBUtilSetBits                           0x08001df9   Thumb Code   104  mbutils.o(i.xMBUtilSetBits)
    Region$$Table$$Base                      0x080020fc   Number         0  anon$$obj.o(Region$$Table)
    Region$$Table$$Limit                     0x0800211c   Number         0  anon$$obj.o(Region$$Table)
    ADC_ConvertedValueLocal                  0x20000018   Data           4  main.o(.data)
    ucMBAddress                              0x2000001c   Data           1  main.o(.data)
    usRegInputBuf                            0x2000001e   Data          16  main.o(.data)
    usRegInputStart                          0x2000002e   Data           2  main.o(.data)
    usRegHoldingStart                        0x20000030   Data           2  main.o(.data)
    ucRegCoilsBuf                            0x20000032   Data           2  main.o(.data)
    ucRegDiscreteBuf                         0x20000034   Data           2  main.o(.data)
    pxMBFrameCBByteReceived                  0x2000005c   Data           4  mb.o(.data)
    pxMBFrameCBTransmitterEmpty              0x20000060   Data           4  mb.o(.data)
    pxMBPortCBTimerExpired                   0x20000064   Data           4  mb.o(.data)
    pxMBFrameCBReceiveFSMCur                 0x20000068   Data           4  mb.o(.data)
    pxMBFrameCBTransmitFSMCur                0x2000006c   Data           4  mb.o(.data)
    usRegHoldingBuf                          0x200000fc   Data          16  main.o(.bss)
    ucRTUBuf                                 0x2000012c   Data         256  mbrtu.o(.bss)
    __libspace_start                         0x2000022c   Data          96  libspace.o(.bss)
    __temporary_stack_top$libspace           0x2000028c   Data           0  libspace.o(.bss)



==============================================================================

Memory Map of the image

  Image Entry point : 0x080000ed

  Load Region LR_IROM1 (Base: 0x08000000, Size: 0x00002218, Max: 0x00010000, ABSOLUTE)

    Execution Region ER_IROM1 (Exec base: 0x08000000, Load base: 0x08000000, Size: 0x0000211c, Max: 0x00010000, ABSOLUTE)

    Exec Addr    Load Addr    Size         Type   Attr      Idx    E Section Name        Object

    0x08000000   0x08000000   0x000000ec   Data   RO            3    RESET               startup_stm32f10x_md.o
    0x080000ec   0x080000ec   0x00000008   Code   RO         3973  * !!!main             c_w.l(__main.o)
    0x080000f4   0x080000f4   0x00000034   Code   RO         4303    !!!scatter          c_w.l(__scatter.o)
    0x08000128   0x08000128   0x0000001a   Code   RO         4305    !!handler_copy      c_w.l(__scatter_copy.o)
    0x08000142   0x08000142   0x00000002   PAD
    0x08000144   0x08000144   0x0000001c   Code   RO         4307    !!handler_zi        c_w.l(__scatter_zi.o)
    0x08000160   0x08000160   0x00000002   Code   RO         4123    .ARM.Collect$$libinit$$00000000  c_w.l(libinit.o)
    0x08000162   0x08000162   0x00000000   Code   RO         4125    .ARM.Collect$$libinit$$00000002  c_w.l(libinit2.o)
    0x08000162   0x08000162   0x00000000   Code   RO         4127    .ARM.Collect$$libinit$$00000004  c_w.l(libinit2.o)
    0x08000162   0x08000162   0x00000000   Code   RO         4130    .ARM.Collect$$libinit$$0000000A  c_w.l(libinit2.o)
    0x08000162   0x08000162   0x00000000   Code   RO         4132    .ARM.Collect$$libinit$$0000000C  c_w.l(libinit2.o)
    0x08000162   0x08000162   0x00000000   Code   RO         4134    .ARM.Collect$$libinit$$0000000E  c_w.l(libinit2.o)
    0x08000162   0x08000162   0x00000000   Code   RO         4137    .ARM.Collect$$libinit$$00000011  c_w.l(libinit2.o)
    0x08000162   0x08000162   0x00000000   Code   RO         4139    .ARM.Collect$$libinit$$00000013  c_w.l(libinit2.o)
    0x08000162   0x08000162   0x00000000   Code   RO         4141    .ARM.Collect$$libinit$$00000015  c_w.l(libinit2.o)
    0x08000162   0x08000162   0x00000000   Code   RO         4143    .ARM.Collect$$libinit$$00000017  c_w.l(libinit2.o)
    0x08000162   0x08000162   0x00000000   Code   RO         4145    .ARM.Collect$$libinit$$00000019  c_w.l(libinit2.o)
    0x08000162   0x08000162   0x00000000   Code   RO         4147    .ARM.Collect$$libinit$$0000001B  c_w.l(libinit2.o)
    0x08000162   0x08000162   0x00000000   Code   RO         4149    .ARM.Collect$$libinit$$0000001D  c_w.l(libinit2.o)
    0x08000162   0x08000162   0x00000000   Code   RO         4151    .ARM.Collect$$libinit$$0000001F  c_w.l(libinit2.o)
    0x08000162   0x08000162   0x00000000   Code   RO         4153    .ARM.Collect$$libinit$$00000021  c_w.l(libinit2.o)
    0x08000162   0x08000162   0x00000000   Code   RO         4155    .ARM.Collect$$libinit$$00000023  c_w.l(libinit2.o)
    0x08000162   0x08000162   0x00000000   Code   RO         4157    .ARM.Collect$$libinit$$00000025  c_w.l(libinit2.o)
    0x08000162   0x08000162   0x00000000   Code   RO         4161    .ARM.Collect$$libinit$$0000002C  c_w.l(libinit2.o)
    0x08000162   0x08000162   0x00000000   Code   RO         4163    .ARM.Collect$$libinit$$0000002E  c_w.l(libinit2.o)
    0x08000162   0x08000162   0x00000000   Code   RO         4165    .ARM.Collect$$libinit$$00000030  c_w.l(libinit2.o)
    0x08000162   0x08000162   0x00000000   Code   RO         4167    .ARM.Collect$$libinit$$00000032  c_w.l(libinit2.o)
    0x08000162   0x08000162   0x00000002   Code   RO         4168    .ARM.Collect$$libinit$$00000033  c_w.l(libinit2.o)
    0x08000164   0x08000164   0x00000002   Code   RO         4296    .ARM.Collect$$libshutdown$$00000000  c_w.l(libshutdown.o)
    0x08000166   0x08000166   0x00000000   Code   RO         4170    .ARM.Collect$$libshutdown$$00000002  c_w.l(libshutdown2.o)
    0x08000166   0x08000166   0x00000000   Code   RO         4172    .ARM.Collect$$libshutdown$$00000004  c_w.l(libshutdown2.o)
    0x08000166   0x08000166   0x00000000   Code   RO         4174    .ARM.Collect$$libshutdown$$00000006  c_w.l(libshutdown2.o)
    0x08000166   0x08000166   0x00000000   Code   RO         4177    .ARM.Collect$$libshutdown$$00000009  c_w.l(libshutdown2.o)
    0x08000166   0x08000166   0x00000000   Code   RO         4180    .ARM.Collect$$libshutdown$$0000000C  c_w.l(libshutdown2.o)
    0x08000166   0x08000166   0x00000000   Code   RO         4182    .ARM.Collect$$libshutdown$$0000000E  c_w.l(libshutdown2.o)
    0x08000166   0x08000166   0x00000000   Code   RO         4185    .ARM.Collect$$libshutdown$$00000011  c_w.l(libshutdown2.o)
    0x08000166   0x08000166   0x00000002   Code   RO         4186    .ARM.Collect$$libshutdown$$00000012  c_w.l(libshutdown2.o)
    0x08000168   0x08000168   0x00000000   Code   RO         3975    .ARM.Collect$$rtentry$$00000000  c_w.l(__rtentry.o)
    0x08000168   0x08000168   0x00000000   Code   RO         3995    .ARM.Collect$$rtentry$$00000002  c_w.l(__rtentry2.o)
    0x08000168   0x08000168   0x00000006   Code   RO         4007    .ARM.Collect$$rtentry$$00000004  c_w.l(__rtentry4.o)
    0x0800016e   0x0800016e   0x00000000   Code   RO         3997    .ARM.Collect$$rtentry$$00000009  c_w.l(__rtentry2.o)
    0x0800016e   0x0800016e   0x00000004   Code   RO         3998    .ARM.Collect$$rtentry$$0000000A  c_w.l(__rtentry2.o)
    0x08000172   0x08000172   0x00000000   Code   RO         4000    .ARM.Collect$$rtentry$$0000000C  c_w.l(__rtentry2.o)
    0x08000172   0x08000172   0x00000008   Code   RO         4001    .ARM.Collect$$rtentry$$0000000D  c_w.l(__rtentry2.o)
    0x0800017a   0x0800017a   0x00000002   Code   RO         4190    .ARM.Collect$$rtexit$$00000000  c_w.l(rtexit.o)
    0x0800017c   0x0800017c   0x00000000   Code   RO         4236    .ARM.Collect$$rtexit$$00000002  c_w.l(rtexit2.o)
    0x0800017c   0x0800017c   0x00000004   Code   RO         4237    .ARM.Collect$$rtexit$$00000003  c_w.l(rtexit2.o)
    0x08000180   0x08000180   0x00000006   Code   RO         4238    .ARM.Collect$$rtexit$$00000004  c_w.l(rtexit2.o)
    0x08000186   0x08000186   0x00000002   PAD
    0x08000188   0x08000188   0x00000040   Code   RO            4    .text               startup_stm32f10x_md.o
    0x080001c8   0x080001c8   0x00000080   Code   RO         3967    .text               c_w.l(assert.o)
    0x08000248   0x08000248   0x0000008a   Code   RO         3969    .text               c_w.l(rt_memcpy_v6.o)
    0x080002d2   0x080002d2   0x00000006   Code   RO         3971    .text               c_w.l(heapauxi.o)
    0x080002d8   0x080002d8   0x00000016   Code   RO         3984    .text               c_w.l(abort.o)
    0x080002ee   0x080002ee   0x00000014   Code   RO         3986    .text               c_w.l(assert_puts.o)
    0x08000302   0x08000302   0x00000064   Code   RO         3988    .text               c_w.l(rt_memcpy_w.o)
    0x08000366   0x08000366   0x0000000e   Code   RO         3990    .text               c_w.l(sys_wrch.o)
    0x08000374   0x08000374   0x0000000c   Code   RO         3992    .text               c_w.l(sys_exit.o)
    0x08000380   0x08000380   0x0000000e   Code   RO         4019    .text               c_w.l(defsig_abrt_outer.o)
    0x0800038e   0x0800038e   0x00000002   Code   RO         4028    .text               c_w.l(use_no_semi.o)
    0x08000390   0x08000390   0x00000000   Code   RO         4032    .text               c_w.l(indicate_semi.o)
    0x08000390   0x08000390   0x0000004a   Code   RO         4033    .text               c_w.l(sys_stackheap_outer.o)
    0x080003da   0x080003da   0x00000012   Code   RO         4106    .text               c_w.l(exit.o)
    0x080003ec   0x080003ec   0x0000000a   Code   RO         4108    .text               c_w.l(defsig_exit.o)
    0x080003f6   0x080003f6   0x00000002   PAD
    0x080003f8   0x080003f8   0x00000030   Code   RO         4110    .text               c_w.l(defsig_abrt_inner.o)
    0x08000428   0x08000428   0x00000008   Code   RO         4187    .text               c_w.l(libspace.o)
    0x08000430   0x08000430   0x00000032   Code   RO         4225    .text               c_w.l(defsig_general.o)
    0x08000462   0x08000462   0x00000004   Code   RO         3615    i.BusFault_Handler  stm32f10x_it.o
    0x08000466   0x08000466   0x00000002   Code   RO         3616    i.DebugMon_Handler  stm32f10x_it.o
    0x08000468   0x08000468   0x00000116   Code   RO         1292    i.GPIO_Init         stm32f10x_gpio.o
    0x0800057e   0x0800057e   0x00000004   Code   RO         3617    i.HardFault_Handler  stm32f10x_it.o
    0x08000582   0x08000582   0x00000004   Code   RO         3618    i.MemManage_Handler  stm32f10x_it.o
    0x08000586   0x08000586   0x00000002   Code   RO         3619    i.NMI_Handler       stm32f10x_it.o
    0x08000588   0x08000588   0x00000028   Code   RO         3270    i.NVIC_Configuration  bsp_usart.o
    0x080005b0   0x080005b0   0x00000070   Code   RO          137    i.NVIC_Init         misc.o
    0x08000620   0x08000620   0x00000014   Code   RO          138    i.NVIC_PriorityGroupConfig  misc.o
    0x08000634   0x08000634   0x00000002   Code   RO         3620    i.PendSV_Handler    stm32f10x_it.o
    0x08000636   0x08000636   0x00000002   PAD
    0x08000638   0x08000638   0x00000020   Code   RO         1708    i.RCC_APB1PeriphClockCmd  stm32f10x_rcc.o
    0x08000658   0x08000658   0x00000020   Code   RO         1709    i.RCC_APB1PeriphResetCmd  stm32f10x_rcc.o
    0x08000678   0x08000678   0x00000020   Code   RO         1710    i.RCC_APB2PeriphClockCmd  stm32f10x_rcc.o
    0x08000698   0x08000698   0x00000020   Code   RO         1711    i.RCC_APB2PeriphResetCmd  stm32f10x_rcc.o
    0x080006b8   0x080006b8   0x000000d4   Code   RO         1718    i.RCC_GetClocksFreq  stm32f10x_rcc.o
    0x0800078c   0x0800078c   0x00000002   Code   RO         3621    i.SVC_Handler       stm32f10x_it.o
    0x0800078e   0x0800078e   0x00000008   Code   RO           24    i.SetSysClock       system_stm32f10x.o
    0x08000796   0x08000796   0x00000002   PAD
    0x08000798   0x08000798   0x000000e0   Code   RO           25    i.SetSysClockTo72   system_stm32f10x.o
    0x08000878   0x08000878   0x00000002   Code   RO         3622    i.SysTick_Handler   stm32f10x_it.o
    0x0800087a   0x0800087a   0x00000002   PAD
    0x0800087c   0x0800087c   0x00000060   Code   RO           27    i.SystemInit        system_stm32f10x.o
    0x080008dc   0x080008dc   0x0000001a   Code   RO         3215    i.TIM2_IRQHandler   porttimer.o
    0x080008f6   0x080008f6   0x00000006   Code   RO         2337    i.TIM_ClearITPendingBit  stm32f10x_tim.o
    0x080008fc   0x080008fc   0x00000018   Code   RO         2342    i.TIM_Cmd           stm32f10x_tim.o
    0x08000914   0x08000914   0x000001e8   Code   RO         2347    i.TIM_DeInit        stm32f10x_tim.o
    0x08000afc   0x08000afc   0x00000022   Code   RO         2363    i.TIM_GetITStatus   stm32f10x_tim.o
    0x08000b1e   0x08000b1e   0x00000012   Code   RO         2367    i.TIM_ITConfig      stm32f10x_tim.o
    0x08000b30   0x08000b30   0x00000004   Code   RO         2407    i.TIM_SetCounter    stm32f10x_tim.o
    0x08000b34   0x08000b34   0x000000a4   Code   RO         2413    i.TIM_TimeBaseInit  stm32f10x_tim.o
    0x08000bd8   0x08000bd8   0x0000005c   Code   RO         3153    i.USART1_IRQHandler  portserial.o
    0x08000c34   0x08000c34   0x0000001e   Code   RO         2875    i.USART_ClearITPendingBit  stm32f10x_usart.o
    0x08000c52   0x08000c52   0x00000018   Code   RO         2878    i.USART_Cmd         stm32f10x_usart.o
    0x08000c6a   0x08000c6a   0x00000002   PAD
    0x08000c6c   0x08000c6c   0x00000084   Code   RO         3271    i.USART_Config      bsp_usart.o
    0x08000cf0   0x08000cf0   0x00000054   Code   RO         2882    i.USART_GetITStatus  stm32f10x_usart.o
    0x08000d44   0x08000d44   0x0000004a   Code   RO         2884    i.USART_ITConfig    stm32f10x_usart.o
    0x08000d8e   0x08000d8e   0x00000002   PAD
    0x08000d90   0x08000d90   0x000000d8   Code   RO         2885    i.USART_Init        stm32f10x_usart.o
    0x08000e68   0x08000e68   0x0000000a   Code   RO         2892    i.USART_ReceiveData  stm32f10x_usart.o
    0x08000e72   0x08000e72   0x00000008   Code   RO         2895    i.USART_SendData    stm32f10x_usart.o
    0x08000e7a   0x08000e7a   0x00000004   Code   RO         3623    i.UsageFault_Handler  stm32f10x_it.o
    0x08000e7e   0x08000e7e   0x00000002   PAD
    0x08000e80   0x08000e80   0x00000028   Code   RO         3911    i.eMBEnable         mb.o
    0x08000ea8   0x08000ea8   0x000000ae   Code   RO         3705    i.eMBFuncReadCoils  mbfunccoils.o
    0x08000f56   0x08000f56   0x000000ac   Code   RO         3734    i.eMBFuncReadDiscreteInputs  mbfuncdisc.o
    0x08001002   0x08001002   0x0000008c   Code   RO         3746    i.eMBFuncReadHoldingRegister  mbfuncholding.o
    0x0800108e   0x0800108e   0x0000008c   Code   RO         3776    i.eMBFuncReadInputRegister  mbfuncinput.o
    0x0800111a   0x0800111a   0x000000d4   Code   RO         3747    i.eMBFuncReadWriteMultipleHoldingRegister  mbfuncholding.o
    0x080011ee   0x080011ee   0x00000002   PAD
    0x080011f0   0x080011f0   0x00000028   Code   RO         3788    i.eMBFuncReportSlaveID  mbfuncother.o
    0x08001218   0x08001218   0x00000070   Code   RO         3706    i.eMBFuncWriteCoil  mbfunccoils.o
    0x08001288   0x08001288   0x00000042   Code   RO         3748    i.eMBFuncWriteHoldingRegister  mbfuncholding.o
    0x080012ca   0x080012ca   0x00000090   Code   RO         3707    i.eMBFuncWriteMultipleCoils  mbfunccoils.o
    0x0800135a   0x0800135a   0x0000006e   Code   RO         3749    i.eMBFuncWriteMultipleHoldingRegister  mbfuncholding.o
    0x080013c8   0x080013c8   0x000000e0   Code   RO         3912    i.eMBInit           mb.o
    0x080014a8   0x080014a8   0x00000138   Code   RO         3913    i.eMBPoll           mb.o
    0x080015e0   0x080015e0   0x00000050   Code   RO         3847    i.eMBRTUInit        mbrtu.o
    0x08001630   0x08001630   0x000000ac   Code   RO         3848    i.eMBRTUReceive     mbrtu.o
    0x080016dc   0x080016dc   0x000000a8   Code   RO         3849    i.eMBRTUSend        mbrtu.o
    0x08001784   0x08001784   0x0000001c   Code   RO         3850    i.eMBRTUStart       mbrtu.o
    0x080017a0   0x080017a0   0x00000010   Code   RO         3851    i.eMBRTUStop        mbrtu.o
    0x080017b0   0x080017b0   0x00000098   Code   RO         3567    i.eMBRegCoilsCB     main.o
    0x08001848   0x08001848   0x00000060   Code   RO         3568    i.eMBRegDiscreteCB  main.o
    0x080018a8   0x080018a8   0x0000007c   Code   RO         3569    i.eMBRegHoldingCB   main.o
    0x08001924   0x08001924   0x00000048   Code   RO         3570    i.eMBRegInputCB     main.o
    0x0800196c   0x0800196c   0x0000001e   Code   RO         3571    i.main              main.o
    0x0800198a   0x0800198a   0x00000022   Code   RO         3809    i.prveMBError2Exception  mbutils.o
    0x080019ac   0x080019ac   0x00000010   Code   RO         3216    i.prvvTIMERExpiredISR  porttimer.o
    0x080019bc   0x080019bc   0x00000010   Code   RO         3154    i.prvvUARTRxISR     portserial.o
    0x080019cc   0x080019cc   0x00000010   Code   RO         3155    i.prvvUARTTxReadyISR  portserial.o
    0x080019dc   0x080019dc   0x00000042   Code   RO         3253    i.timer2_init       bsp_timer2.o
    0x08001a1e   0x08001a1e   0x00000020   Code   RO         3254    i.timer2_nvic       bsp_timer2.o
    0x08001a3e   0x08001a3e   0x00000002   PAD
    0x08001a40   0x08001a40   0x00000038   Code   RO         3833    i.usMBCRC16         mbcrc.o
    0x08001a78   0x08001a78   0x00000044   Code   RO         3156    i.vMBPortSerialEnable  portserial.o
    0x08001abc   0x08001abc   0x0000002a   Code   RO         3217    i.vMBPortTimersDisable  porttimer.o
    0x08001ae6   0x08001ae6   0x00000028   Code   RO         3218    i.vMBPortTimersEnable  porttimer.o
    0x08001b0e   0x08001b0e   0x00000002   PAD
    0x08001b10   0x08001b10   0x00000024   Code   RO         3108    i.xMBPortEventGet   portevent.o
    0x08001b34   0x08001b34   0x00000010   Code   RO         3109    i.xMBPortEventInit  portevent.o
    0x08001b44   0x08001b44   0x00000018   Code   RO         3110    i.xMBPortEventPost  portevent.o
    0x08001b5c   0x08001b5c   0x00000014   Code   RO         3157    i.xMBPortSerialGetByte  portserial.o
    0x08001b70   0x08001b70   0x00000018   Code   RO         3158    i.xMBPortSerialInit  portserial.o
    0x08001b88   0x08001b88   0x00000014   Code   RO         3159    i.xMBPortSerialPutByte  portserial.o
    0x08001b9c   0x08001b9c   0x0000000e   Code   RO         3219    i.xMBPortTimersInit  porttimer.o
    0x08001baa   0x08001baa   0x00000002   PAD
    0x08001bac   0x08001bac   0x000000d8   Code   RO         3852    i.xMBRTUReceiveFSM  mbrtu.o
    0x08001c84   0x08001c84   0x00000088   Code   RO         3853    i.xMBRTUTimerT35Expired  mbrtu.o
    0x08001d0c   0x08001d0c   0x000000c0   Code   RO         3854    i.xMBRTUTransmitFSM  mbrtu.o
    0x08001dcc   0x08001dcc   0x0000002a   Code   RO         3810    i.xMBUtilGetBits    mbutils.o
    0x08001df6   0x08001df6   0x00000002   PAD
    0x08001df8   0x08001df8   0x000000a0   Code   RO         3811    i.xMBUtilSetBits    mbutils.o
    0x08001e98   0x08001e98   0x00000200   Data   RO         3834    .constdata          mbcrc.o
    0x08002098   0x08002098   0x00000063   Data   RO         3856    .conststring        mbrtu.o
    0x080020fb   0x080020fb   0x00000001   PAD
    0x080020fc   0x080020fc   0x00000020   Data   RO         4301    Region$$Table       anon$$obj.o


    Execution Region RW_IRAM1 (Exec base: 0x20000000, Load base: 0x0800211c, Size: 0x00000890, Max: 0x00005000, ABSOLUTE)

    Exec Addr    Load Addr    Size         Type   Attr      Idx    E Section Name        Object

    0x20000000   0x0800211c   0x00000014   Data   RW         1738    .data               stm32f10x_rcc.o
    0x20000014   0x08002130   0x00000002   Data   RW         3111    .data               portevent.o
    0x20000016   0x08002132   0x00000002   PAD
    0x20000018   0x08002134   0x0000001e   Data   RW         3573    .data               main.o
    0x20000036   0x08002152   0x00000002   Data   RW         3791    .data               mbfuncother.o
    0x20000038   0x08002154   0x0000000c   Data   RW         3857    .data               mbrtu.o
    0x20000044   0x08002160   0x000000b5   Data   RW         3915    .data               mb.o
    0x200000f9   0x08002215   0x00000003   PAD
    0x200000fc        -       0x00000010   Zero   RW         3572    .bss                main.o
    0x2000010c        -       0x00000020   Zero   RW         3790    .bss                mbfuncother.o
    0x2000012c        -       0x00000100   Zero   RW         3855    .bss                mbrtu.o
    0x2000022c        -       0x00000060   Zero   RW         4188    .bss                c_w.l(libspace.o)
    0x2000028c   0x08002215   0x00000004   PAD
    0x20000290        -       0x00000200   Zero   RW            2    HEAP                startup_stm32f10x_md.o
    0x20000490        -       0x00000400   Zero   RW            1    STACK               startup_stm32f10x_md.o


==============================================================================

Image component sizes


      Code (inc. data)   RO Data    RW Data    ZI Data      Debug   Object Name

        98          0          0          0          0       1062   bsp_timer2.o
       172         10          0          0          0       1151   bsp_usart.o
         0          0          0          0          0       4516   core_cm3.o
       474         32          0         30         16       5210   main.o
       576        126          0        181          0       4394   mb.o
         0          0          0          0          0        608   mbascii.o
        56          8        512          0          0       1404   mbcrc.o
       430          0          0          0          0       3994   mbfunccoils.o
       172          0          0          0          0       1776   mbfuncdisc.o
       528          0          0          0          0       5283   mbfuncholding.o
       140          0          0          0          0       1727   mbfuncinput.o
        40         10          0          2         32       1579   mbfuncother.o
      1008        306         99         12        256       6543   mbrtu.o
       236         56          0          0          0       2862   mbutils.o
       132         22          0          0          0       1711   misc.o
        76         24          0          2          0       5593   portevent.o
       256         28          0          0          0       5793   portserial.o
       138          6          0          0          0       2487   porttimer.o
        64         26        236          0       1536        884   startup_stm32f10x_md.o
       278          0          0          0          0       2124   stm32f10x_gpio.o
        26          0          0          0          0       4018   stm32f10x_it.o
       340         44          0         20          0       5832   stm32f10x_rcc.o
       738        106          0          0          0       5144   stm32f10x_tim.o
       446          6          0          0          0       6441   stm32f10x_usart.o
       328         28          0          0          0     249269   system_stm32f10x.o

    ----------------------------------------------------------------------
      6774        838        880        252       1840     331405   Object Totals
         0          0         32          0          0          0   (incl. Generated)
        22          0          1          5          0          0   (incl. Padding)

    ----------------------------------------------------------------------

      Code (inc. data)   RO Data    RW Data    ZI Data      Debug   Library Member Name

         8          0          0          0          0         68   __main.o
         0          0          0          0          0          0   __rtentry.o
        12          0          0          0          0          0   __rtentry2.o
         6          0          0          0          0          0   __rtentry4.o
        52          8          0          0          0          0   __scatter.o
        26          0          0          0          0          0   __scatter_copy.o
        28          0          0          0          0          0   __scatter_zi.o
        22          0          0          0          0         80   abort.o
       128         42          0          0          0         76   assert.o
        20          0          0          0          0         76   assert_puts.o
        48         34          0          0          0         76   defsig_abrt_inner.o
        14          0          0          0          0         80   defsig_abrt_outer.o
        10          0          0          0          0         68   defsig_exit.o
        50          0          0          0          0         88   defsig_general.o
        18          0          0          0          0         80   exit.o
         6          0          0          0          0        152   heapauxi.o
         0          0          0          0          0          0   indicate_semi.o
         2          0          0          0          0          0   libinit.o
         2          0          0          0          0          0   libinit2.o
         2          0          0          0          0          0   libshutdown.o
         2          0          0          0          0          0   libshutdown2.o
         8          4          0          0         96         68   libspace.o
       138          0          0          0          0         68   rt_memcpy_v6.o
       100          0          0          0          0         80   rt_memcpy_w.o
         2          0          0          0          0          0   rtexit.o
        10          0          0          0          0          0   rtexit2.o
        12          4          0          0          0         68   sys_exit.o
        74          0          0          0          0         80   sys_stackheap_outer.o
        14          0          0          0          0         76   sys_wrch.o
         2          0          0          0          0         68   use_no_semi.o

    ----------------------------------------------------------------------
       822         92          0          0        100       1352   Library Totals
         6          0          0          0          4          0   (incl. Padding)

    ----------------------------------------------------------------------

      Code (inc. data)   RO Data    RW Data    ZI Data      Debug   Library Name

       816         92          0          0         96       1352   c_w.l

    ----------------------------------------------------------------------
       822         92          0          0        100       1352   Library Totals

    ----------------------------------------------------------------------

==============================================================================


      Code (inc. data)   RO Data    RW Data    ZI Data      Debug   

      7596        930        880        252       1940     327969   Grand Totals
      7596        930        880        252       1940     327969   ELF Image Totals
      7596        930        880        252          0          0   ROM Totals

==============================================================================

    Total RO  Size (Code + RO Data)                 8476 (   8.28kB)
    Total RW  Size (RW Data + ZI Data)              2192 (   2.14kB)
    Total ROM Size (Code + RO Data + RW Data)       8728 (   8.52kB)

==============================================================================

